Component: ARM Compiler 5.06 update 6 (build 750) Tool: armlink [4d35ed]

==============================================================================

Section Cross References

    startup_stm32f103xb.o(RESET) refers to startup_stm32f103xb.o(STACK) for __initial_sp
    startup_stm32f103xb.o(RESET) refers to startup_stm32f103xb.o(.text) for Reset_Handler
    startup_stm32f103xb.o(RESET) refers to stm32f1xx_it.o(i.NMI_Handler) for NMI_Handler
    startup_stm32f103xb.o(RESET) refers to stm32f1xx_it.o(i.HardFault_Handler) for HardFault_Handler
    startup_stm32f103xb.o(RESET) refers to stm32f1xx_it.o(i.MemManage_Handler) for MemManage_Handler
    startup_stm32f103xb.o(RESET) refers to stm32f1xx_it.o(i.BusFault_Handler) for BusFault_Handler
    startup_stm32f103xb.o(RESET) refers to stm32f1xx_it.o(i.UsageFault_Handler) for UsageFault_Handler
    startup_stm32f103xb.o(RESET) refers to stm32f1xx_it.o(i.SVC_Handler) for SVC_Handler
    startup_stm32f103xb.o(RESET) refers to stm32f1xx_it.o(i.DebugMon_Handler) for DebugMon_Handler
    startup_stm32f103xb.o(RESET) refers to stm32f1xx_it.o(i.PendSV_Handler) for PendSV_Handler
    startup_stm32f103xb.o(RESET) refers to stm32f1xx_it.o(i.SysTick_Handler) for SysTick_Handler
    startup_stm32f103xb.o(.text) refers to system_stm32f1xx.o(i.SystemInit) for SystemInit
    startup_stm32f103xb.o(.text) refers to entry.o(.ARM.Collect$$$$00000000) for __main
    dev_config.o(i.DEV_I2C_ReadByte) refers to stm32f1xx_hal_i2c.o(i.HAL_I2C_Mem_Read) for HAL_I2C_Mem_Read
    dev_config.o(i.DEV_I2C_ReadByte) refers to dev_config.o(.data) for .data
    dev_config.o(i.DEV_I2C_ReadByte) refers to i2c.o(.bss) for hi2c1
    dev_config.o(i.DEV_I2C_ReadWord) refers to stm32f1xx_hal_i2c.o(i.HAL_I2C_Mem_Read) for HAL_I2C_Mem_Read
    dev_config.o(i.DEV_I2C_ReadWord) refers to dev_config.o(.data) for .data
    dev_config.o(i.DEV_I2C_ReadWord) refers to i2c.o(.bss) for hi2c1
    dev_config.o(i.DEV_I2C_WriteByte) refers to stm32f1xx_hal_i2c.o(i.HAL_I2C_Mem_Write) for HAL_I2C_Mem_Write
    dev_config.o(i.DEV_I2C_WriteByte) refers to dev_config.o(.data) for .data
    dev_config.o(i.DEV_I2C_WriteByte) refers to i2c.o(.bss) for hi2c1
    dev_config.o(i.DEV_I2C_WriteWord) refers to stm32f1xx_hal_i2c.o(i.HAL_I2C_Mem_Write) for HAL_I2C_Mem_Write
    dev_config.o(i.DEV_I2C_WriteWord) refers to dev_config.o(.data) for .data
    dev_config.o(i.DEV_I2C_WriteWord) refers to i2c.o(.bss) for hi2c1
    dev_config.o(i.DEV_Set_I2CAddress) refers to dev_config.o(.data) for .data
    dev_config.o(i.fputc) refers to stm32f1xx_hal_uart.o(i.HAL_UART_Transmit) for HAL_UART_Transmit
    dev_config.o(i.fputc) refers to usart.o(.bss) for huart2
    icm20948.o(i.invmsICM20948AccelRead) refers to dev_config.o(i.DEV_I2C_ReadByte) for DEV_I2C_ReadByte
    icm20948.o(i.invmsICM20948AccelRead) refers to icm20948.o(i.invmsICM20948CalAvgValue) for invmsICM20948CalAvgValue
    icm20948.o(i.invmsICM20948AccelRead) refers to icm20948.o(.bss) for .bss
    icm20948.o(i.invmsICM20948Check) refers to dev_config.o(i.DEV_I2C_ReadByte) for DEV_I2C_ReadByte
    icm20948.o(i.invmsICM20948GyroRead) refers to dev_config.o(i.DEV_I2C_ReadByte) for DEV_I2C_ReadByte
    icm20948.o(i.invmsICM20948GyroRead) refers to icm20948.o(i.invmsICM20948CalAvgValue) for invmsICM20948CalAvgValue
    icm20948.o(i.invmsICM20948GyroRead) refers to icm20948.o(.data) for .data
    icm20948.o(i.invmsICM20948GyroRead) refers to icm20948.o(.bss) for .bss
    icm20948.o(i.invmsICM20948Init) refers to dev_config.o(i.DEV_I2C_WriteByte) for DEV_I2C_WriteByte
    icm20948.o(i.invmsICM20948Init) refers to stm32f1xx_hal.o(i.HAL_Delay) for HAL_Delay
    icm20948.o(i.invmsICM20948Init) refers to icm20948.o(i.invmsICM20948GyroRead) for invmsICM20948GyroRead
    icm20948.o(i.invmsICM20948Init) refers to icm20948.o(i.invmsICM20948ReadSecondary) for invmsICM20948ReadSecondary
    icm20948.o(i.invmsICM20948Init) refers to icm20948.o(i.invmsICM20948WriteSecondary) for invmsICM20948WriteSecondary
    icm20948.o(i.invmsICM20948Init) refers to icm20948.o(.data) for .data
    icm20948.o(i.invmsICM20948MagRead) refers to stm32f1xx_hal.o(i.HAL_Delay) for HAL_Delay
    icm20948.o(i.invmsICM20948MagRead) refers to icm20948.o(i.invmsICM20948ReadSecondary) for invmsICM20948ReadSecondary
    icm20948.o(i.invmsICM20948MagRead) refers to printfa.o(i.__0printf) for __2printf
    icm20948.o(i.invmsICM20948MagRead) refers to icm20948.o(i.invmsICM20948CalAvgValue) for invmsICM20948CalAvgValue
    icm20948.o(i.invmsICM20948MagRead) refers to icm20948.o(.bss) for .bss
    icm20948.o(i.invmsICM20948ReadSecondary) refers to dev_config.o(i.DEV_I2C_WriteByte) for DEV_I2C_WriteByte
    icm20948.o(i.invmsICM20948ReadSecondary) refers to dev_config.o(i.DEV_I2C_ReadByte) for DEV_I2C_ReadByte
    icm20948.o(i.invmsICM20948ReadSecondary) refers to stm32f1xx_hal.o(i.HAL_Delay) for HAL_Delay
    icm20948.o(i.invmsICM20948WriteSecondary) refers to dev_config.o(i.DEV_I2C_WriteByte) for DEV_I2C_WriteByte
[...]
    Removing stm32f1xx_hal_i2c.o(i.HAL_I2C_SlaveRxCpltCallback), (2 bytes).
    Removing stm32f1xx_hal_i2c.o(i.HAL_I2C_SlaveTxCpltCallback), (2 bytes).
    Removing stm32f1xx_hal_i2c.o(i.HAL_I2C_Slave_Receive), (384 bytes).
    Removing stm32f1xx_hal_i2c.o(i.HAL_I2C_Slave_Receive_DMA), (236 bytes).
    Removing stm32f1xx_hal_i2c.o(i.HAL_I2C_Slave_Receive_IT), (180 bytes).
    Removing stm32f1xx_hal_i2c.o(i.HAL_I2C_Slave_Sequential_Receive_IT), (114 bytes).
    Removing stm32f1xx_hal_i2c.o(i.HAL_I2C_Slave_Sequential_Transmit_IT), (114 bytes).
    Removing stm32f1xx_hal_i2c.o(i.HAL_I2C_Slave_Transmit), (356 bytes).
    Removing stm32f1xx_hal_i2c.o(i.HAL_I2C_Slave_Transmit_DMA), (236 bytes).
    Removing stm32f1xx_hal_i2c.o(i.HAL_I2C_Slave_Transmit_IT), (184 bytes).
    Removing stm32f1xx_hal_i2c.o(i.I2C_DMAAbort), (78 bytes).
    Removing stm32f1xx_hal_i2c.o(i.I2C_DMAError), (42 bytes).
    Removing stm32f1xx_hal_i2c.o(i.I2C_DMAXferCplt), (134 bytes).
    Removing stm32f1xx_hal_i2c.o(i.I2C_ITError), (292 bytes).
    Removing stm32f1xx_hal_i2c.o(i.I2C_MasterReceive_BTF), (200 bytes).
    Removing stm32f1xx_hal_i2c.o(i.I2C_MasterReceive_RXNE), (174 bytes).
    Removing stm32f1xx_hal_i2c.o(i.I2C_MasterRequestRead), (222 bytes).
    Removing stm32f1xx_hal_i2c.o(i.I2C_MasterRequestWrite), (148 bytes).
    Removing stm32f1xx_hal_i2c.o(i.I2C_MasterTransmit_BTF), (128 bytes).
    Removing stm32f1xx_hal_i2c.o(i.I2C_MasterTransmit_TXE), (264 bytes).
    Removing stm32f1xx_hal_i2c.o(i.I2C_Master_ADDR), (282 bytes).
    Removing stm32f1xx_hal_i2c.o(i.I2C_Master_SB), (90 bytes).
    Removing stm32f1xx_hal_i2c.o(i.I2C_Slave_AF), (132 bytes).
    Removing stm32f1xx_hal_i2c.o(i.I2C_Slave_STOPF), (220 bytes).
    Removing stm32f1xx_hal_tim.o(.rev16_text), (4 bytes).
    Removing stm32f1xx_hal_tim.o(.revsh_text), (4 bytes).
    Removing stm32f1xx_hal_tim.o(.rrx_text), (6 bytes).
    Removing stm32f1xx_hal_tim_ex.o(.rev16_text), (4 bytes).
    Removing stm32f1xx_hal_tim_ex.o(.revsh_text), (4 bytes).
    Removing stm32f1xx_hal_tim_ex.o(.rrx_text), (6 bytes).
    Removing stm32f1xx_hal_uart.o(.rev16_text), (4 bytes).
    Removing stm32f1xx_hal_uart.o(.revsh_text), (4 bytes).
    Removing stm32f1xx_hal_uart.o(.rrx_text), (6 bytes).
    Removing stm32f1xx_hal_uart.o(i.HAL_HalfDuplex_EnableReceiver), (50 bytes).
    Removing stm32f1xx_hal_uart.o(i.HAL_HalfDuplex_EnableTransmitter), (50 bytes).
    Removing stm32f1xx_hal_uart.o(i.HAL_HalfDuplex_Init), (108 bytes).
    Removing stm32f1xx_hal_uart.o(i.HAL_LIN_Init), (122 bytes).
    Removing stm32f1xx_hal_uart.o(i.HAL_LIN_SendBreak), (46 bytes).
    Removing stm32f1xx_hal_uart.o(i.HAL_MultiProcessor_EnterMuteMode), (46 bytes).
    Removing stm32f1xx_hal_uart.o(i.HAL_MultiProcessor_ExitMuteMode), (46 bytes).
    Removing stm32f1xx_hal_uart.o(i.HAL_MultiProcessor_Init), (130 bytes).
    Removing stm32f1xx_hal_uart.o(i.HAL_UART_Abort), (104 bytes).
    Removing stm32f1xx_hal_uart.o(i.HAL_UART_AbortCpltCallback), (2 bytes).
    Removing stm32f1xx_hal_uart.o(i.HAL_UART_AbortReceive), (68 bytes).
    Removing stm32f1xx_hal_uart.o(i.HAL_UART_AbortReceiveCpltCallback), (2 bytes).
    Removing stm32f1xx_hal_uart.o(i.HAL_UART_AbortReceive_IT), (92 bytes).
    Removing stm32f1xx_hal_uart.o(i.HAL_UART_AbortTransmit), (58 bytes).
    Removing stm32f1xx_hal_uart.o(i.HAL_UART_AbortTransmitCpltCallback), (2 bytes).
    Removing stm32f1xx_hal_uart.o(i.HAL_UART_AbortTransmit_IT), (84 bytes).
    Removing stm32f1xx_hal_uart.o(i.HAL_UART_Abort_IT), (172 bytes).
    Removing stm32f1xx_hal_uart.o(i.HAL_UART_DMAPause), (102 bytes).
    Removing stm32f1xx_hal_uart.o(i.HAL_UART_DMAResume), (94 bytes).
    Removing stm32f1xx_hal_uart.o(i.HAL_UART_DMAStop), (88 bytes).
    Removing stm32f1xx_hal_uart.o(i.HAL_UART_DeInit), (40 bytes).
    Removing stm32f1xx_hal_uart.o(i.HAL_UART_ErrorCallback), (2 bytes).
    Removing stm32f1xx_hal_uart.o(i.HAL_UART_GetError), (4 bytes).
    Removing stm32f1xx_hal_uart.o(i.HAL_UART_GetState), (10 bytes).
    Removing stm32f1xx_hal_uart.o(i.HAL_UART_IRQHandler), (272 bytes).
    Removing stm32f1xx_hal_uart.o(i.HAL_UART_MspDeInit), (2 bytes).
    Removing stm32f1xx_hal_uart.o(i.HAL_UART_MspInit), (2 bytes).
    Removing stm32f1xx_hal_uart.o(i.HAL_UART_Receive), (184 bytes).
    Removing stm32f1xx_hal_uart.o(i.HAL_UART_Receive_DMA), (152 bytes).
    Removing stm32f1xx_hal_uart.o(i.HAL_UART_Receive_IT), (82 bytes).
    Removing stm32f1xx_hal_uart.o(i.HAL_UART_RxCpltCallback), (2 bytes).
    Removing stm32f1xx_hal_uart.o(i.HAL_UART_RxHalfCpltCallback), (2 bytes).
    Removing stm32f1xx_hal_uart.o(i.HAL_UART_Transmit_DMA), (128 bytes).
    Removing stm32f1xx_hal_uart.o(i.HAL_UART_Transmit_IT), (62 bytes).
    Removing stm32f1xx_hal_uart.o(i.HAL_UART_TxCpltCallback), (2 bytes).
    Removing stm32f1xx_hal_uart.o(i.HAL_UART_TxHalfCpltCallback), (2 bytes).
    Removing stm32f1xx_hal_uart.o(i.UART_DMAAbortOnError), (16 bytes).
    Removing stm32f1xx_hal_uart.o(i.UART_DMAError), (74 bytes).
    Removing stm32f1xx_hal_uart.o(i.UART_DMAReceiveCplt), (60 bytes).
    Removing stm32f1xx_hal_uart.o(i.UART_DMARxAbortCallback), (42 bytes).
    Removing stm32f1xx_hal_uart.o(i.UART_DMARxHalfCplt), (10 bytes).
    Removing stm32f1xx_hal_uart.o(i.UART_DMARxOnlyAbortCallback), (20 bytes).
    Removing stm32f1xx_hal_uart.o(i.UART_DMATransmitCplt), (46 bytes).
    Removing stm32f1xx_hal_uart.o(i.UART_DMATxAbortCallback), (42 bytes).
    Removing stm32f1xx_hal_uart.o(i.UART_DMATxHalfCplt), (10 bytes).
    Removing stm32f1xx_hal_uart.o(i.UART_DMATxOnlyAbortCallback), (20 bytes).
    Removing stm32f1xx_hal_uart.o(i.UART_EndRxTransfer), (28 bytes).
    Removing stm32f1xx_hal_uart.o(i.UART_EndTxTransfer), (18 bytes).
    Removing stm32f1xx_hal_uart.o(i.UART_Receive_IT), (150 bytes).
    Removing stm32f1xx_hal_uart.o(i.UART_Transmit_IT), (98 bytes).
    Removing stm32f1xx_hal.o(.rev16_text), (4 bytes).
    Removing stm32f1xx_hal.o(.revsh_text), (4 bytes).
    Removing stm32f1xx_hal.o(.rrx_text), (6 bytes).
    Removing stm32f1xx_hal.o(i.HAL_DBGMCU_DisableDBGSleepMode), (16 bytes).
    Removing stm32f1xx_hal.o(i.HAL_DBGMCU_DisableDBGStandbyMode), (16 bytes).
    Removing stm32f1xx_hal.o(i.HAL_DBGMCU_DisableDBGStopMode), (16 bytes).
    Removing stm32f1xx_hal.o(i.HAL_DBGMCU_EnableDBGSleepMode), (16 bytes).
    Removing stm32f1xx_hal.o(i.HAL_DBGMCU_EnableDBGStandbyMode), (16 bytes).
    Removing stm32f1xx_hal.o(i.HAL_DBGMCU_EnableDBGStopMode), (16 bytes).
    Removing stm32f1xx_hal.o(i.HAL_DeInit), (32 bytes).
    Removing stm32f1xx_hal.o(i.HAL_GetDEVID), (16 bytes).
    Removing stm32f1xx_hal.o(i.HAL_GetHalVersion), (8 bytes).
    Removing stm32f1xx_hal.o(i.HAL_GetREVID), (12 bytes).
    Removing stm32f1xx_hal.o(i.HAL_GetTickFreq), (12 bytes).
    Removing stm32f1xx_hal.o(i.HAL_GetTickPrio), (12 bytes).
    Removing stm32f1xx_hal.o(i.HAL_GetUID), (28 bytes).
    Removing stm32f1xx_hal.o(i.HAL_MspDeInit), (2 bytes).
    Removing stm32f1xx_hal.o(i.HAL_MspInit), (2 bytes).
    Removing stm32f1xx_hal.o(i.HAL_ResumeTick), (14 bytes).
    Removing stm32f1xx_hal.o(i.HAL_SetTickFreq), (28 bytes).
    Removing stm32f1xx_hal.o(i.HAL_SuspendTick), (14 bytes).
    Removing stm32f1xx_hal_rcc.o(.rev16_text), (4 bytes).
    Removing stm32f1xx_hal_rcc.o(.revsh_text), (4 bytes).
    Removing stm32f1xx_hal_rcc.o(.rrx_text), (6 bytes).
    Removing stm32f1xx_hal_rcc.o(i.HAL_RCC_CSSCallback), (2 bytes).
    Removing stm32f1xx_hal_rcc.o(i.HAL_RCC_DeInit), (216 bytes).
    Removing stm32f1xx_hal_rcc.o(i.HAL_RCC_DisableCSS), (12 bytes).
    Removing stm32f1xx_hal_rcc.o(i.HAL_RCC_EnableCSS), (12 bytes).
    Removing stm32f1xx_hal_rcc.o(i.HAL_RCC_GetClockConfig), (64 bytes).
    Removing stm32f1xx_hal_rcc.o(i.HAL_RCC_GetHCLKFreq), (12 bytes).
    Removing stm32f1xx_hal_rcc.o(i.HAL_RCC_GetOscConfig), (144 bytes).
    Removing stm32f1xx_hal_rcc.o(i.HAL_RCC_MCOConfig), (72 bytes).
    Removing stm32f1xx_hal_rcc.o(i.HAL_RCC_NMI_IRQHandler), (24 bytes).
    Removing stm32f1xx_hal_rcc_ex.o(.rev16_text), (4 bytes).
    Removing stm32f1xx_hal_rcc_ex.o(.revsh_text), (4 bytes).
    Removing stm32f1xx_hal_rcc_ex.o(.rrx_text), (6 bytes).
    Removing stm32f1xx_hal_rcc_ex.o(i.HAL_RCCEx_GetPeriphCLKConfig), (44 bytes).
    Removing stm32f1xx_hal_rcc_ex.o(i.HAL_RCCEx_GetPeriphCLKFreq), (200 bytes).
    Removing stm32f1xx_hal_rcc_ex.o(i.HAL_RCCEx_PeriphCLKConfig), (236 bytes).
    Removing stm32f1xx_hal_gpio.o(.rev16_text), (4 bytes).
    Removing stm32f1xx_hal_gpio.o(.revsh_text), (4 bytes).
    Removing stm32f1xx_hal_gpio.o(.rrx_text), (6 bytes).
    Removing stm32f1xx_hal_gpio.o(i.HAL_GPIO_DeInit), (228 bytes).
    Removing stm32f1xx_hal_gpio.o(i.HAL_GPIO_EXTI_Callback), (2 bytes).
    Removing stm32f1xx_hal_gpio.o(i.HAL_GPIO_EXTI_IRQHandler), (24 bytes).
    Removing stm32f1xx_hal_gpio.o(i.HAL_GPIO_LockPin), (34 bytes).
    Removing stm32f1xx_hal_gpio.o(i.HAL_GPIO_ReadPin), (10 bytes).
    Removing stm32f1xx_hal_gpio.o(i.HAL_GPIO_TogglePin), (8 bytes).
    Removing stm32f1xx_hal_gpio.o(i.HAL_GPIO_WritePin), (10 bytes).
    Removing stm32f1xx_hal_dma.o(.rev16_text), (4 bytes).
    Removing stm32f1xx_hal_dma.o(.revsh_text), (4 bytes).
    Removing stm32f1xx_hal_dma.o(.rrx_text), (6 bytes).
    Removing stm32f1xx_hal_dma.o(i.DMA_SetConfig), (42 bytes).
    Removing stm32f1xx_hal_dma.o(i.HAL_DMA_Abort), (48 bytes).
    Removing stm32f1xx_hal_dma.o(i.HAL_DMA_Abort_IT), (152 bytes).
    Removing stm32f1xx_hal_dma.o(i.HAL_DMA_DeInit), (92 bytes).
    Removing stm32f1xx_hal_dma.o(i.HAL_DMA_GetError), (4 bytes).
    Removing stm32f1xx_hal_dma.o(i.HAL_DMA_GetState), (6 bytes).
    Removing stm32f1xx_hal_dma.o(i.HAL_DMA_IRQHandler), (340 bytes).
    Removing stm32f1xx_hal_dma.o(i.HAL_DMA_Init), (92 bytes).
    Removing stm32f1xx_hal_dma.o(i.HAL_DMA_PollForTransfer), (532 bytes).
    Removing stm32f1xx_hal_dma.o(i.HAL_DMA_RegisterCallback), (74 bytes).
    Removing stm32f1xx_hal_dma.o(i.HAL_DMA_Start), (80 bytes).
    Removing stm32f1xx_hal_dma.o(i.HAL_DMA_Start_IT), (112 bytes).
    Removing stm32f1xx_hal_dma.o(i.HAL_DMA_UnRegisterCallback), (82 bytes).
    Removing stm32f1xx_hal_cortex.o(.rev16_text), (4 bytes).
    Removing stm32f1xx_hal_cortex.o(.revsh_text), (4 bytes).
    Removing stm32f1xx_hal_cortex.o(.rrx_text), (6 bytes).
    Removing stm32f1xx_hal_cortex.o(i.HAL_NVIC_ClearPendingIRQ), (22 bytes).
    Removing stm32f1xx_hal_cortex.o(i.HAL_NVIC_DisableIRQ), (22 bytes).
    Removing stm32f1xx_hal_cortex.o(i.HAL_NVIC_EnableIRQ), (22 bytes).
    Removing stm32f1xx_hal_cortex.o(i.HAL_NVIC_GetActive), (32 bytes).
    Removing stm32f1xx_hal_cortex.o(i.HAL_NVIC_GetPendingIRQ), (32 bytes).
    Removing stm32f1xx_hal_cortex.o(i.HAL_NVIC_GetPriority), (82 bytes).
    Removing stm32f1xx_hal_cortex.o(i.HAL_NVIC_GetPriorityGrouping), (16 bytes).
    Removing stm32f1xx_hal_cortex.o(i.HAL_NVIC_SetPendingIRQ), (22 bytes).
    Removing stm32f1xx_hal_cortex.o(i.HAL_NVIC_SystemReset), (36 bytes).
    Removing stm32f1xx_hal_cortex.o(i.HAL_SYSTICK_CLKSourceConfig), (24 bytes).
    Removing stm32f1xx_hal_cortex.o(i.HAL_SYSTICK_Callback), (2 bytes).
    Removing stm32f1xx_hal_cortex.o(i.HAL_SYSTICK_IRQHandler), (8 bytes).
    Removing stm32f1xx_hal_pwr.o(.rev16_text), (4 bytes).
    Removing stm32f1xx_hal_pwr.o(.revsh_text), (4 bytes).
    Removing stm32f1xx_hal_pwr.o(.rrx_text), (6 bytes).
    Removing stm32f1xx_hal_pwr.o(i.HAL_PWR_ConfigPVD), (124 bytes).
    Removing stm32f1xx_hal_pwr.o(i.HAL_PWR_DeInit), (24 bytes).
    Removing stm32f1xx_hal_pwr.o(i.HAL_PWR_DisableBkUpAccess), (12 bytes).
    Removing stm32f1xx_hal_pwr.o(i.HAL_PWR_DisablePVD), (12 bytes).
    Removing stm32f1xx_hal_pwr.o(i.HAL_PWR_DisableSEVOnPend), (16 bytes).
    Removing stm32f1xx_hal_pwr.o(i.HAL_PWR_DisableSleepOnExit), (16 bytes).
    Removing stm32f1xx_hal_pwr.o(i.HAL_PWR_DisableWakeUpPin), (28 bytes).
    Removing stm32f1xx_hal_pwr.o(i.HAL_PWR_EnableBkUpAccess), (12 bytes).
    Removing stm32f1xx_hal_pwr.o(i.HAL_PWR_EnablePVD), (12 bytes).
    Removing stm32f1xx_hal_pwr.o(i.HAL_PWR_EnableSEVOnPend), (16 bytes).
    Removing stm32f1xx_hal_pwr.o(i.HAL_PWR_EnableSleepOnExit), (16 bytes).
    Removing stm32f1xx_hal_pwr.o(i.HAL_PWR_EnableWakeUpPin), (28 bytes).
    Removing stm32f1xx_hal_pwr.o(i.HAL_PWR_EnterSLEEPMode), (32 bytes).
    Removing stm32f1xx_hal_pwr.o(i.HAL_PWR_EnterSTANDBYMode), (32 bytes).
    Removing stm32f1xx_hal_pwr.o(i.HAL_PWR_EnterSTOPMode), (68 bytes).
    Removing stm32f1xx_hal_pwr.o(i.HAL_PWR_PVDCallback), (2 bytes).
    Removing stm32f1xx_hal_pwr.o(i.HAL_PWR_PVD_IRQHandler), (28 bytes).
    Removing stm32f1xx_hal_pwr.o(i.PWR_OverloadWfe), (6 bytes).
    Removing stm32f1xx_hal_flash.o(.rev16_text), (4 bytes).
    Removing stm32f1xx_hal_flash.o(.revsh_text), (4 bytes).
    Removing stm32f1xx_hal_flash.o(.rrx_text), (6 bytes).
    Removing stm32f1xx_hal_flash.o(i.FLASH_Program_HalfWord), (28 bytes).
    Removing stm32f1xx_hal_flash.o(i.FLASH_SetErrorCode), (92 bytes).
    Removing stm32f1xx_hal_flash.o(i.FLASH_WaitForLastOperation), (84 bytes).
    Removing stm32f1xx_hal_flash.o(i.HAL_FLASH_EndOfOperationCallback), (2 bytes).
    Removing stm32f1xx_hal_flash.o(i.HAL_FLASH_GetError), (12 bytes).
    Removing stm32f1xx_hal_flash.o(i.HAL_FLASH_IRQHandler), (264 bytes).
    Removing stm32f1xx_hal_flash.o(i.HAL_FLASH_Lock), (20 bytes).
    Removing stm32f1xx_hal_flash.o(i.HAL_FLASH_OB_Launch), (4 bytes).
    Removing stm32f1xx_hal_flash.o(i.HAL_FLASH_OB_Lock), (20 bytes).
    Removing stm32f1xx_hal_flash.o(i.HAL_FLASH_OB_Unlock), (36 bytes).
    Removing stm32f1xx_hal_flash.o(i.HAL_FLASH_OperationErrorCallback), (2 bytes).
    Removing stm32f1xx_hal_flash.o(i.HAL_FLASH_Program), (128 bytes).
    Removing stm32f1xx_hal_flash.o(i.HAL_FLASH_Program_IT), (100 bytes).
    Removing stm32f1xx_hal_flash.o(i.HAL_FLASH_Unlock), (40 bytes).
    Removing stm32f1xx_hal_flash.o(.bss), (32 bytes).
    Removing stm32f1xx_hal_flash_ex.o(.rev16_text), (4 bytes).
    Removing stm32f1xx_hal_flash_ex.o(.revsh_text), (4 bytes).
    Removing stm32f1xx_hal_flash_ex.o(.rrx_text), (6 bytes).
    Removing stm32f1xx_hal_flash_ex.o(i.FLASH_MassErase), (36 bytes).
    Removing stm32f1xx_hal_flash_ex.o(i.FLASH_OB_DisableWRP), (176 bytes).
    Removing stm32f1xx_hal_flash_ex.o(i.FLASH_OB_EnableWRP), (176 bytes).
    Removing stm32f1xx_hal_flash_ex.o(i.FLASH_OB_GetRDP), (24 bytes).
    Removing stm32f1xx_hal_flash_ex.o(i.FLASH_OB_RDP_LevelConfig), (100 bytes).
    Removing stm32f1xx_hal_flash_ex.o(i.FLASH_PageErase), (36 bytes).
    Removing stm32f1xx_hal_flash_ex.o(i.HAL_FLASHEx_Erase), (168 bytes).
    Removing stm32f1xx_hal_flash_ex.o(i.HAL_FLASHEx_Erase_IT), (84 bytes).
    Removing stm32f1xx_hal_flash_ex.o(i.HAL_FLASHEx_OBErase), (84 bytes).
    Removing stm32f1xx_hal_flash_ex.o(i.HAL_FLASHEx_OBGetConfig), (36 bytes).
    Removing stm32f1xx_hal_flash_ex.o(i.HAL_FLASHEx_OBGetUserData), (32 bytes).
    Removing stm32f1xx_hal_flash_ex.o(i.HAL_FLASHEx_OBProgram), (200 bytes).
    Removing system_stm32f1xx.o(.rev16_text), (4 bytes).
    Removing system_stm32f1xx.o(.revsh_text), (4 bytes).
    Removing system_stm32f1xx.o(.rrx_text), (6 bytes).
    Removing system_stm32f1xx.o(i.SystemCoreClockUpdate), (104 bytes).
    Removing cdcmple.o(.text), (48 bytes).

303 unused section(s) (total 19228 bytes) removed from the image.

==============================================================================

Image Symbol Table

    Local Symbols

    Symbol Name                              Value     Ov Type        Size  Object(Section)

    ../Drivers/STM32F1xx_HAL_Driver/Src/stm32f1xx_hal.c 0x00000000   Number         0  stm32f1xx_hal.o ABSOLUTE
    ../Drivers/STM32F1xx_HAL_Driver/Src/stm32f1xx_hal_cortex.c 0x00000000   Number         0  stm32f1xx_hal_cortex.o ABSOLUTE
    ../Drivers/STM32F1xx_HAL_Driver/Src/stm32f1xx_hal_dma.c 0x00000000   Number         0  stm32f1xx_hal_dma.o ABSOLUTE
    ../Drivers/STM32F1xx_HAL_Driver/Src/stm32f1xx_hal_flash.c 0x00000000   Number         0  stm32f1xx_hal_flash.o ABSOLUTE
    ../Drivers/STM32F1xx_HAL_Driver/Src/stm32f1xx_hal_flash_ex.c 0x00000000   Number         0  stm32f1xx_hal_flash_ex.o ABSOLUTE
    ../Drivers/STM32F1xx_HAL_Driver/Src/stm32f1xx_hal_gpio.c 0x00000000   Number         0  stm32f1xx_hal_gpio.o ABSOLUTE
    ../Drivers/STM32F1xx_HAL_Driver/Src/stm32f1xx_hal_gpio_ex.c 0x00000000   Number         0  stm32f1xx_hal_gpio_ex.o ABSOLUTE
    ../Drivers/STM32F1xx_HAL_Driver/Src/stm32f1xx_hal_i2c.c 0x00000000   Number         0  stm32f1xx_hal_i2c.o ABSOLUTE
    ../Drivers/STM32F1xx_HAL_Driver/Src/stm32f1xx_hal_pwr.c 0x00000000   Number         0  stm32f1xx_hal_pwr.o ABSOLUTE
    ../Drivers/STM32F1xx_HAL_Driver/Src/stm32f1xx_hal_rcc.c 0x00000000   Number         0  stm32f1xx_hal_rcc.o ABSOLUTE
    ../Drivers/STM32F1xx_HAL_Driver/Src/stm32f1xx_hal_rcc_ex.c 0x00000000   Number         0  stm32f1xx_hal_rcc_ex.o ABSOLUTE
    ../Drivers/STM32F1xx_HAL_Driver/Src/stm32f1xx_hal_tim.c 0x00000000   Number         0  stm32f1xx_hal_tim.o ABSOLUTE
    ../Drivers/STM32F1xx_HAL_Driver/Src/stm32f1xx_hal_tim_ex.c 0x00000000   Number         0  stm32f1xx_hal_tim_ex.o ABSOLUTE
    ../Drivers/STM32F1xx_HAL_Driver/Src/stm32f1xx_hal_uart.c 0x00000000   Number         0  stm32f1xx_hal_uart.o ABSOLUTE
    ../Src/gpio.c                            0x00000000   Number         0  gpio.o ABSOLUTE
    ../Src/i2c.c                             0x00000000   Number         0  i2c.o ABSOLUTE
    ../Src/main.c                            0x00000000   Number         0  main.o ABSOLUTE
    ../Src/stm32f1xx_hal_msp.c               0x00000000   Number         0  stm32f1xx_hal_msp.o ABSOLUTE
    ../Src/stm32f1xx_it.c                    0x00000000   Number         0  stm32f1xx_it.o ABSOLUTE
    ../Src/system_stm32f1xx.c                0x00000000   Number         0  system_stm32f1xx.o ABSOLUTE
    ../Src/usart.c                           0x00000000   Number         0  usart.o ABSOLUTE
    ../clib/microlib/division.c              0x00000000   Number         0  uidiv.o ABSOLUTE
    ../clib/microlib/division.c              0x00000000   Number         0  uldiv.o ABSOLUTE
    ../clib/microlib/errno.c                 0x00000000   Number         0  errno.o ABSOLUTE
    ../clib/microlib/init/entry.s            0x00000000   Number         0  entry11a.o ABSOLUTE
    ../clib/microlib/init/entry.s            0x00000000   Number         0  entry10b.o ABSOLUTE
    ../clib/microlib/init/entry.s            0x00000000   Number         0  entry10a.o ABSOLUTE
    ../clib/microlib/init/entry.s            0x00000000   Number         0  entry9b.o ABSOLUTE
    ../clib/microlib/init/entry.s            0x00000000   Number         0  entry2.o ABSOLUTE
    ../clib/microlib/init/entry.s            0x00000000   Number         0  entry.o ABSOLUTE
    ../clib/microlib/init/entry.s            0x00000000   Number         0  entry8b.o ABSOLUTE
    ../clib/microlib/init/entry.s            0x00000000   Number         0  entry8a.o ABSOLUTE
    ../clib/microlib/init/entry.s            0x00000000   Number         0  entry9a.o ABSOLUTE
    ../clib/microlib/init/entry.s            0x00000000   Number         0  entry7a.o ABSOLUTE
    ../clib/microlib/init/entry.s            0x00000000   Number         0  entry5.o ABSOLUTE
    ../clib/microlib/init/entry.s            0x00000000   Number         0  entry11b.o ABSOLUTE
    ../clib/microlib/init/entry.s            0x00000000   Number         0  entry7b.o ABSOLUTE
    ../clib/microlib/longlong.c              0x00000000   Number         0  llushr.o ABSOLUTE
    ../clib/microlib/longlong.c              0x00000000   Number         0  llsshr.o ABSOLUTE
    ../clib/microlib/longlong.c              0x00000000   Number         0  llshl.o ABSOLUTE
    ../clib/microlib/printf/printf.c         0x00000000   Number         0  printf5.o ABSOLUTE
    ../clib/microlib/printf/printf.c         0x00000000   Number         0  printf6.o ABSOLUTE
    ../clib/microlib/printf/printf.c         0x00000000   Number         0  printf4.o ABSOLUTE
    ../clib/microlib/printf/printf.c         0x00000000   Number         0  printf3.o ABSOLUTE
    ../clib/microlib/printf/printf.c         0x00000000   Number         0  printf2.o ABSOLUTE
    ../clib/microlib/printf/printf.c         0x00000000   Number         0  printf0.o ABSOLUTE
    ../clib/microlib/printf/printf.c         0x00000000   Number         0  printfb.o ABSOLUTE
    ../clib/microlib/printf/printf.c         0x00000000   Number         0  printf8.o ABSOLUTE
    ../clib/microlib/printf/printf.c         0x00000000   Number         0  printf1.o ABSOLUTE
    ../clib/microlib/printf/printf.c         0x00000000   Number         0  printfa.o ABSOLUTE
    ../clib/microlib/printf/printf.c         0x00000000   Number         0  printf7.o ABSOLUTE
    ../clib/microlib/printf/stubs.s          0x00000000   Number         0  stubs.o ABSOLUTE
    ../clib/microlib/stdio/streams.c         0x00000000   Number         0  stdout.o ABSOLUTE
    ../clib/microlib/string/memset.c         0x00000000   Number         0  memseta.o ABSOLUTE
    ../clib/microlib/stubs.s                 0x00000000   Number         0  iusefp.o ABSOLUTE
    ../fplib/microlib/d2f.c                  0x00000000   Number         0  d2f.o ABSOLUTE
    ../fplib/microlib/f2d.c                  0x00000000   Number         0  f2d.o ABSOLUTE
    ../fplib/microlib/fpadd.c                0x00000000   Number         0  fadd.o ABSOLUTE
    ../fplib/microlib/fpadd.c                0x00000000   Number         0  dadd.o ABSOLUTE
    ../fplib/microlib/fpdiv.c                0x00000000   Number         0  ddiv.o ABSOLUTE
    ../fplib/microlib/fpepilogue.c           0x00000000   Number         0  depilogue.o ABSOLUTE
    ../fplib/microlib/fpepilogue.c           0x00000000   Number         0  fepilogue.o ABSOLUTE
    ../fplib/microlib/fpfix.c                0x00000000   Number         0  dfixul.o ABSOLUTE
    ../fplib/microlib/fpflt.c                0x00000000   Number         0  dflti.o ABSOLUTE
    ../fplib/microlib/fpflt.c                0x00000000   Number         0  fflti.o ABSOLUTE
    ../fplib/microlib/fpmul.c                0x00000000   Number         0  dmul.o ABSOLUTE
    ../fplib/microlib/fpmul.c                0x00000000   Number         0  fmul.o ABSOLUTE
    ../fplib/microlib/fpscalb.c              0x00000000   Number         0  dscalb.o ABSOLUTE
    ../fplib/microlib/fpscalb.c              0x00000000   Number         0  fscalb.o ABSOLUTE
    ../fplib/microlib/fpsqrt.c               0x00000000   Number         0  dsqrt.o ABSOLUTE
    ../mathlib/asin.c                        0x00000000   Number         0  asin.o ABSOLUTE
    ../mathlib/asin.c                        0x00000000   Number         0  asin_x.o ABSOLUTE
    ../mathlib/atan.c                        0x00000000   Number         0  atan_x.o ABSOLUTE
    ../mathlib/atan.c                        0x00000000   Number         0  atan.o ABSOLUTE
    ../mathlib/atan2.c                       0x00000000   Number         0  atan2_x.o ABSOLUTE
    ../mathlib/atan2.c                       0x00000000   Number         0  atan2.o ABSOLUTE
    ../mathlib/dunder.c                      0x00000000   Number         0  dunder.o ABSOLUTE
    ../mathlib/fpclassify.c                  0x00000000   Number         0  fpclassify.o ABSOLUTE
    ../mathlib/poly.c                        0x00000000   Number         0  poly.o ABSOLUTE
    ../mathlib/qnan.c                        0x00000000   Number         0  qnan.o ABSOLUTE
    ../mathlib/sqrt.c                        0x00000000   Number         0  sqrt_x.o ABSOLUTE
    ../mathlib/sqrt.c                        0x00000000   Number         0  sqrt.o ABSOLUTE
    ..\Drivers\STM32F1xx_HAL_Driver\Src\stm32f1xx_hal.c 0x00000000   Number         0  stm32f1xx_hal.o ABSOLUTE
    ..\Drivers\STM32F1xx_HAL_Driver\Src\stm32f1xx_hal_cortex.c 0x00000000   Number         0  stm32f1xx_hal_cortex.o ABSOLUTE
    ..\Drivers\STM32F1xx_HAL_Driver\Src\stm32f1xx_hal_dma.c 0x00000000   Number         0  stm32f1xx_hal_dma.o ABSOLUTE
    ..\Drivers\STM32F1xx_HAL_Driver\Src\stm32f1xx_hal_flash.c 0x00000000   Number         0  stm32f1xx_hal_flash.o ABSOLUTE
    ..\Drivers\STM32F1xx_HAL_Driver\Src\stm32f1xx_hal_flash_ex.c 0x00000000   Number         0  stm32f1xx_hal_flash_ex.o ABSOLUTE
    ..\Drivers\STM32F1xx_HAL_Driver\Src\stm32f1xx_hal_gpio.c 0x00000000   Number         0  stm32f1xx_hal_gpio.o ABSOLUTE
    ..\Drivers\STM32F1xx_HAL_Driver\Src\stm32f1xx_hal_gpio_ex.c 0x00000000   Number         0  stm32f1xx_hal_gpio_ex.o ABSOLUTE
    ..\Drivers\STM32F1xx_HAL_Driver\Src\stm32f1xx_hal_i2c.c 0x00000000   Number         0  stm32f1xx_hal_i2c.o ABSOLUTE
    ..\Drivers\STM32F1xx_HAL_Driver\Src\stm32f1xx_hal_pwr.c 0x00000000   Number         0  stm32f1xx_hal_pwr.o ABSOLUTE
    ..\Drivers\STM32F1xx_HAL_Driver\Src\stm32f1xx_hal_rcc.c 0x00000000   Number         0  stm32f1xx_hal_rcc.o ABSOLUTE
    ..\Drivers\STM32F1xx_HAL_Driver\Src\stm32f1xx_hal_rcc_ex.c 0x00000000   Number         0  stm32f1xx_hal_rcc_ex.o ABSOLUTE
    ..\Drivers\STM32F1xx_HAL_Driver\Src\stm32f1xx_hal_tim.c 0x00000000   Number         0  stm32f1xx_hal_tim.o ABSOLUTE
    ..\Drivers\STM32F1xx_HAL_Driver\Src\stm32f1xx_hal_tim_ex.c 0x00000000   Number         0  stm32f1xx_hal_tim_ex.o ABSOLUTE
    ..\Drivers\STM32F1xx_HAL_Driver\Src\stm32f1xx_hal_uart.c 0x00000000   Number         0  stm32f1xx_hal_uart.o ABSOLUTE
    ..\Src\gpio.c                            0x00000000   Number         0  gpio.o ABSOLUTE
    ..\Src\i2c.c                             0x00000000   Number         0  i2c.o ABSOLUTE
    ..\Src\main.c                            0x00000000   Number         0  main.o ABSOLUTE
    ..\Src\stm32f1xx_hal_msp.c               0x00000000   Number         0  stm32f1xx_hal_msp.o ABSOLUTE
    ..\Src\stm32f1xx_it.c                    0x00000000   Number         0  stm32f1xx_it.o ABSOLUTE
    ..\Src\system_stm32f1xx.c                0x00000000   Number         0  system_stm32f1xx.o ABSOLUTE
    ..\Src\usart.c                           0x00000000   Number         0  usart.o ABSOLUTE
    ..\User\DEV_Config\DEV_Config.c          0x00000000   Number         0  dev_config.o ABSOLUTE
    ..\User\ICM20948\ICM20948.c              0x00000000   Number         0  icm20948.o ABSOLUTE
    ..\User\IMU\IMU.c                        0x00000000   Number         0  imu.o ABSOLUTE
    ..\User\invMotionSensor\invMotionSensor.c 0x00000000   Number         0  invmotionsensor.o ABSOLUTE
    ..\\User\\DEV_Config\\DEV_Config.c       0x00000000   Number         0  dev_config.o ABSOLUTE
    ..\\User\\ICM20948\\ICM20948.c           0x00000000   Number         0  icm20948.o ABSOLUTE
    ..\\User\\IMU\\IMU.c                     0x00000000   Number         0  imu.o ABSOLUTE
    ..\\User\\invMotionSensor\\invMotionSensor.c 0x00000000   Number         0  invmotionsensor.o ABSOLUTE
    cdcmple.s                                0x00000000   Number         0  cdcmple.o ABSOLUTE
    cdrcmple.s                               0x00000000   Number         0  cdrcmple.o ABSOLUTE
    dc.s                                     0x00000000   Number         0  dc.o ABSOLUTE
    handlers.s                               0x00000000   Number         0  handlers.o ABSOLUTE
    init.s                                   0x00000000   Number         0  init.o ABSOLUTE
    startup_stm32f103xb.s                    0x00000000   Number         0  startup_stm32f103xb.o ABSOLUTE
    RESET                                    0x08000000   Section      236  startup_stm32f103xb.o(RESET)
    .ARM.Collect$$$$00000000                 0x080000ec   Section        0  entry.o(.ARM.Collect$$$$00000000)
    .ARM.Collect$$$$00000001                 0x080000ec   Section        4  entry2.o(.ARM.Collect$$$$00000001)
    .ARM.Collect$$$$00000004                 0x080000f0   Section        4  entry5.o(.ARM.Collect$$$$00000004)
    .ARM.Collect$$$$00000008                 0x080000f4   Section        0  entry7b.o(.ARM.Collect$$$$00000008)
    .ARM.Collect$$$$0000000A                 0x080000f4   Section        0  entry8b.o(.ARM.Collect$$$$0000000A)
    .ARM.Collect$$$$0000000B                 0x080000f4   Section        8  entry9a.o(.ARM.Collect$$$$0000000B)
    .ARM.Collect$$$$0000000D                 0x080000fc   Section        0  entry10a.o(.ARM.Collect$$$$0000000D)
    .ARM.Collect$$$$0000000F                 0x080000fc   Section        0  entry11a.o(.ARM.Collect$$$$0000000F)
    .ARM.Collect$$$$00002712                 0x080000fc   Section        4  entry2.o(.ARM.Collect$$$$00002712)
    __lit__00000000                          0x080000fc   Data           4  entry2.o(.ARM.Collect$$$$00002712)
    .text                                    0x08000100   Section       36  startup_stm32f103xb.o(.text)
    .text                                    0x08000124   Section        0  llushr.o(.text)
    .text                                    0x08000144   Section        0  memseta.o(.text)
    .text                                    0x08000168   Section        0  fadd.o(.text)
    .text                                    0x08000218   Section        0  fmul.o(.text)
    .text                                    0x0800027c   Section        0  fscalb.o(.text)
    .text                                    0x08000294   Section        0  dadd.o(.text)
    .text                                    0x080003e2   Section        0  dmul.o(.text)
    .text                                    0x080004c6   Section        0  ddiv.o(.text)
    .text                                    0x080005a4   Section        0  fflti.o(.text)
    .text                                    0x080005b6   Section        0  dflti.o(.text)
    .text                                    0x080005d8   Section        0  f2d.o(.text)
    .text                                    0x080005fe   Section        0  d2f.o(.text)
    .text                                    0x08000636   Section        0  uidiv.o(.text)
    .text                                    0x08000662   Section        0  uldiv.o(.text)
    .text                                    0x080006c4   Section        0  llshl.o(.text)
    .text                                    0x080006e2   Section        0  llsshr.o(.text)
    .text                                    0x08000706   Section        0  fepilogue.o(.text)
    .text                                    0x08000706   Section        0  iusefp.o(.text)
    .text                                    0x08000774   Section        0  depilogue.o(.text)
    .text                                    0x0800082e   Section        0  dscalb.o(.text)
    .text                                    0x0800085c   Section        0  dsqrt.o(.text)
    .text                                    0x080008fe   Section        0  dfixul.o(.text)
    .text                                    0x08000930   Section       48  cdrcmple.o(.text)
    .text                                    0x08000960   Section       36  init.o(.text)
    i.BusFault_Handler                       0x08000984   Section        0  stm32f1xx_it.o(i.BusFault_Handler)
    i.DEV_I2C_ReadByte                       0x08000988   Section        0  dev_config.o(i.DEV_I2C_ReadByte)
    i.DEV_I2C_WriteByte                      0x080009b8   Section        0  dev_config.o(i.DEV_I2C_WriteByte)
    i.DebugMon_Handler                       0x080009e4   Section        0  stm32f1xx_it.o(i.DebugMon_Handler)
    i.Error_Handler                          0x080009e6   Section        0  main.o(i.Error_Handler)
    i.HAL_Delay                              0x080009e8   Section        0  stm32f1xx_hal.o(i.HAL_Delay)
    i.HAL_GPIO_Init                          0x08000a0c   Section        0  stm32f1xx_hal_gpio.o(i.HAL_GPIO_Init)
    i.HAL_GetTick                            0x08000bc8   Section        0  stm32f1xx_hal.o(i.HAL_GetTick)
    i.HAL_I2C_Init                           0x08000bd4   Section        0  stm32f1xx_hal_i2c.o(i.HAL_I2C_Init)
    i.HAL_I2C_Mem_Read                       0x08000d14   Section        0  stm32f1xx_hal_i2c.o(i.HAL_I2C_Mem_Read)
    i.HAL_I2C_Mem_Write                      0x08000f34   Section        0  stm32f1xx_hal_i2c.o(i.HAL_I2C_Mem_Write)
    i.HAL_I2C_MspInit                        0x08001070   Section        0  i2c.o(i.HAL_I2C_MspInit)
    i.HAL_IncTick                            0x080010e0   Section        0  stm32f1xx_hal.o(i.HAL_IncTick)
    i.HAL_Init                               0x080010f0   Section        0  stm32f1xx_hal.o(i.HAL_Init)
    i.HAL_InitTick                           0x08001114   Section        0  stm32f1xx_hal.o(i.HAL_InitTick)
    i.HAL_MspInit                            0x08001154   Section        0  stm32f1xx_hal_msp.o(i.HAL_MspInit)
    i.HAL_NVIC_SetPriority                   0x08001190   Section        0  stm32f1xx_hal_cortex.o(i.HAL_NVIC_SetPriority)
    i.HAL_NVIC_SetPriorityGrouping           0x080011d0   Section        0  stm32f1xx_hal_cortex.o(i.HAL_NVIC_SetPriorityGrouping)
    i.HAL_RCC_ClockConfig                    0x080011f4   Section        0  stm32f1xx_hal_rcc.o(i.HAL_RCC_ClockConfig)
    i.HAL_RCC_GetPCLK1Freq                   0x08001360   Section        0  stm32f1xx_hal_rcc.o(i.HAL_RCC_GetPCLK1Freq)
    i.HAL_RCC_GetPCLK2Freq                   0x08001380   Section        0  stm32f1xx_hal_rcc.o(i.HAL_RCC_GetPCLK2Freq)
    i.HAL_RCC_GetSysClockFreq                0x080013a0   Section        0  stm32f1xx_hal_rcc.o(i.HAL_RCC_GetSysClockFreq)
    i.HAL_RCC_OscConfig                      0x0800140c   Section        0  stm32f1xx_hal_rcc.o(i.HAL_RCC_OscConfig)
    i.HAL_SYSTICK_Config                     0x08001710   Section        0  stm32f1xx_hal_cortex.o(i.HAL_SYSTICK_Config)
    i.HAL_UART_Init                          0x08001738   Section        0  stm32f1xx_hal_uart.o(i.HAL_UART_Init)
    i.HAL_UART_MspInit                       0x0800179c   Section        0  usart.o(i.HAL_UART_MspInit)
    i.HAL_UART_Transmit                      0x0800180c   Section        0  stm32f1xx_hal_uart.o(i.HAL_UART_Transmit)
    i.HardFault_Handler                      0x080018c6   Section        0  stm32f1xx_it.o(i.HardFault_Handler)
    i.I2C_IsAcknowledgeFailed                0x080018c8   Section        0  stm32f1xx_hal_i2c.o(i.I2C_IsAcknowledgeFailed)
    I2C_IsAcknowledgeFailed                  0x080018c9   Thumb Code    40  stm32f1xx_hal_i2c.o(i.I2C_IsAcknowledgeFailed)
    i.I2C_RequestMemoryRead                  0x080018f0   Section        0  stm32f1xx_hal_i2c.o(i.I2C_RequestMemoryRead)
    I2C_RequestMemoryRead                    0x080018f1   Thumb Code   240  stm32f1xx_hal_i2c.o(i.I2C_RequestMemoryRead)
    i.I2C_RequestMemoryWrite                 0x080019e0   Section        0  stm32f1xx_hal_i2c.o(i.I2C_RequestMemoryWrite)
    I2C_RequestMemoryWrite                   0x080019e1   Thumb Code   156  stm32f1xx_hal_i2c.o(i.I2C_RequestMemoryWrite)
    i.I2C_WaitOnBTFFlagUntilTimeout          0x08001a80   Section        0  stm32f1xx_hal_i2c.o(i.I2C_WaitOnBTFFlagUntilTimeout)
    I2C_WaitOnBTFFlagUntilTimeout            0x08001a81   Thumb Code    78  stm32f1xx_hal_i2c.o(i.I2C_WaitOnBTFFlagUntilTimeout)
    i.I2C_WaitOnFlagUntilTimeout             0x08001ace   Section        0  stm32f1xx_hal_i2c.o(i.I2C_WaitOnFlagUntilTimeout)
    I2C_WaitOnFlagUntilTimeout               0x08001acf   Thumb Code    96  stm32f1xx_hal_i2c.o(i.I2C_WaitOnFlagUntilTimeout)
    i.I2C_WaitOnMasterAddressFlagUntilTimeout 0x08001b30   Section        0  stm32f1xx_hal_i2c.o(i.I2C_WaitOnMasterAddressFlagUntilTimeout)
    I2C_WaitOnMasterAddressFlagUntilTimeout  0x08001b31   Thumb Code   136  stm32f1xx_hal_i2c.o(i.I2C_WaitOnMasterAddressFlagUntilTimeout)
    i.I2C_WaitOnRXNEFlagUntilTimeout         0x08001bb8   Section        0  stm32f1xx_hal_i2c.o(i.I2C_WaitOnRXNEFlagUntilTimeout)
    I2C_WaitOnRXNEFlagUntilTimeout           0x08001bb9   Thumb Code    98  stm32f1xx_hal_i2c.o(i.I2C_WaitOnRXNEFlagUntilTimeout)
    i.I2C_WaitOnTXEFlagUntilTimeout          0x08001c1a   Section        0  stm32f1xx_hal_i2c.o(i.I2C_WaitOnTXEFlagUntilTimeout)
    I2C_WaitOnTXEFlagUntilTimeout            0x08001c1b   Thumb Code    78  stm32f1xx_hal_i2c.o(i.I2C_WaitOnTXEFlagUntilTimeout)
    i.IMU_AHRSupdate                         0x08001c68   Section        0  imu.o(i.IMU_AHRSupdate)
    i.IMU_GetQuater                          0x08002238   Section        0  imu.o(i.IMU_GetQuater)
    i.IMU_GetYawPitchRoll                    0x080023a8   Section        0  imu.o(i.IMU_GetYawPitchRoll)
    i.IMU_Init                               0x080024e8   Section        0  imu.o(i.IMU_Init)
    i.MX_GPIO_Init                           0x08002504   Section        0  gpio.o(i.MX_GPIO_Init)
    i.MX_I2C1_Init                           0x08002540   Section        0  i2c.o(i.MX_I2C1_Init)
    i.MX_USART2_UART_Init                    0x08002580   Section        0  usart.o(i.MX_USART2_UART_Init)
    i.MemManage_Handler                      0x080025b8   Section        0  stm32f1xx_it.o(i.MemManage_Handler)
    i.NMI_Handler                            0x080025ba   Section        0  stm32f1xx_it.o(i.NMI_Handler)
    i.NVIC_SetPriority                       0x080025bc   Section        0  stm32f1xx_hal_cortex.o(i.NVIC_SetPriority)
    NVIC_SetPriority                         0x080025bd   Thumb Code    32  stm32f1xx_hal_cortex.o(i.NVIC_SetPriority)
    i.PendSV_Handler                         0x080025dc   Section        0  stm32f1xx_it.o(i.PendSV_Handler)
    i.SVC_Handler                            0x080025de   Section        0  stm32f1xx_it.o(i.SVC_Handler)
    i.SysTick_Handler                        0x080025e0   Section        0  stm32f1xx_it.o(i.SysTick_Handler)
    i.SystemClock_Config                     0x080025e4   Section        0  main.o(i.SystemClock_Config)
    i.SystemInit                             0x08002634   Section        0  system_stm32f1xx.o(i.SystemInit)
    i.UART_SetConfig                         0x0800267c   Section        0  stm32f1xx_hal_uart.o(i.UART_SetConfig)
    UART_SetConfig                           0x0800267d   Thumb Code   364  stm32f1xx_hal_uart.o(i.UART_SetConfig)
    i.UART_WaitOnFlagUntilTimeout            0x080027ec   Section        0  stm32f1xx_hal_uart.o(i.UART_WaitOnFlagUntilTimeout)
    UART_WaitOnFlagUntilTimeout              0x080027ed   Thumb Code   100  stm32f1xx_hal_uart.o(i.UART_WaitOnFlagUntilTimeout)
    i.UsageFault_Handler                     0x08002850   Section        0  stm32f1xx_it.o(i.UsageFault_Handler)
    i.__0printf                              0x08002854   Section        0  printfa.o(i.__0printf)
    i.__ARM_fpclassify                       0x08002874   Section        0  fpclassify.o(i.__ARM_fpclassify)
    i.__kernel_poly                          0x0800289c   Section        0  poly.o(i.__kernel_poly)
    i.__mathlib_dbl_infnan                   0x08002946   Section        0  dunder.o(i.__mathlib_dbl_infnan)
    i.__mathlib_dbl_infnan2                  0x0800294c   Section        0  dunder.o(i.__mathlib_dbl_infnan2)
    i.__mathlib_dbl_invalid                  0x08002950   Section        0  dunder.o(i.__mathlib_dbl_invalid)
    i.__mathlib_dbl_underflow                0x0800295c   Section        0  dunder.o(i.__mathlib_dbl_underflow)
    i.__scatterload_copy                     0x0800296c   Section       14  handlers.o(i.__scatterload_copy)
    i.__scatterload_null                     0x0800297a   Section        2  handlers.o(i.__scatterload_null)
    i.__scatterload_zeroinit                 0x0800297c   Section       14  handlers.o(i.__scatterload_zeroinit)
    i.__set_errno                            0x0800298c   Section        0  errno.o(i.__set_errno)
    i._fp_digits                             0x08002998   Section        0  printfa.o(i._fp_digits)
    _fp_digits                               0x08002999   Thumb Code   366  printfa.o(i._fp_digits)
    i._printf_core                           0x08002b1c   Section        0  printfa.o(i._printf_core)
    _printf_core                             0x08002b1d   Thumb Code  1744  printfa.o(i._printf_core)
    i._printf_post_padding                   0x080031f8   Section        0  printfa.o(i._printf_post_padding)
    _printf_post_padding                     0x080031f9   Thumb Code    36  printfa.o(i._printf_post_padding)
    i._printf_pre_padding                    0x0800321c   Section        0  printfa.o(i._printf_pre_padding)
    _printf_pre_padding                      0x0800321d   Thumb Code    46  printfa.o(i._printf_pre_padding)
    i.asin                                   0x0800324c   Section        0  asin.o(i.asin)
    i.atan                                   0x080034bc   Section        0  atan.o(i.atan)
    i.atan2                                  0x080036dc   Section        0  atan2.o(i.atan2)
    i.fputc                                  0x0800385c   Section        0  dev_config.o(i.fputc)
    i.invMSAccelRead                         0x08003874   Section        0  invmotionsensor.o(i.invMSAccelRead)
    i.invMSGyroRead                          0x080038a4   Section        0  invmotionsensor.o(i.invMSGyroRead)
    i.invMSInit                              0x080038d4   Section        0  invmotionsensor.o(i.invMSInit)
    i.invMSMagRead                           0x08003990   Section        0  invmotionsensor.o(i.invMSMagRead)
    i.invSqrt                                0x080039c0   Section        0  imu.o(i.invSqrt)
    i.invmsICM20948AccelRead                 0x080039f4   Section        0  icm20948.o(i.invmsICM20948AccelRead)
    i.invmsICM20948CalAvgValue               0x08003a98   Section        0  icm20948.o(i.invmsICM20948CalAvgValue)
    invmsICM20948CalAvgValue                 0x08003a99   Thumb Code    48  icm20948.o(i.invmsICM20948CalAvgValue)
    i.invmsICM20948Check                     0x08003ac8   Section        0  icm20948.o(i.invmsICM20948Check)
    i.invmsICM20948GyroRead                  0x08003adc   Section        0  icm20948.o(i.invmsICM20948GyroRead)
    i.invmsICM20948Init                      0x08003b9c   Section        0  icm20948.o(i.invmsICM20948Init)
    i.invmsICM20948MagRead                   0x08003c60   Section        0  icm20948.o(i.invmsICM20948MagRead)
    i.invmsICM20948ReadSecondary             0x08003d28   Section        0  icm20948.o(i.invmsICM20948ReadSecondary)
    invmsICM20948ReadSecondary               0x08003d29   Thumb Code   146  icm20948.o(i.invmsICM20948ReadSecondary)
    i.invmsICM20948WriteSecondary            0x08003dba   Section        0  icm20948.o(i.invmsICM20948WriteSecondary)
    invmsICM20948WriteSecondary              0x08003dbb   Thumb Code   124  icm20948.o(i.invmsICM20948WriteSecondary)
    i.main                                   0x08003e38   Section        0  main.o(i.main)
    i.sqrt                                   0x08003fc0   Section        0  sqrt.o(i.sqrt)
    .constdata                               0x0800400c   Section       16  system_stm32f1xx.o(.constdata)
    .constdata                               0x0800401c   Section        8  system_stm32f1xx.o(.constdata)
    .constdata                               0x08004028   Section       80  asin.o(.constdata)
    pS                                       0x08004028   Data          48  asin.o(.constdata)
    qS                                       0x08004058   Data          32  asin.o(.constdata)
    .constdata                               0x08004078   Section      152  atan.o(.constdata)
    atanhi                                   0x08004078   Data          32  atan.o(.constdata)
    atanlo                                   0x08004098   Data          32  atan.o(.constdata)
    aTodd                                    0x080040b8   Data          40  atan.o(.constdata)
    aTeven                                   0x080040e0   Data          48  atan.o(.constdata)
    .constdata                               0x08004110   Section        8  qnan.o(.constdata)
    .conststring                             0x08004118   Section       27  invmotionsensor.o(.conststring)
    .conststring                             0x08004134   Section       70  main.o(.conststring)
    .data                                    0x20000000   Section        2  dev_config.o(.data)
    .data                                    0x20000002   Section        8  icm20948.o(.data)
    ss16c                                    0x20000002   Data           2  icm20948.o(.data)
    .data                                    0x2000000c   Section       22  imu.o(.data)
    .data                                    0x20000024   Section       88  invmotionsensor.o(.data)
    gsstSensorList                           0x20000028   Data          72  invmotionsensor.o(.data)
    .data                                    0x2000007c   Section       18  main.o(.data)
    .data                                    0x20000090   Section       12  stm32f1xx_hal.o(.data)
    .data                                    0x2000009c   Section        4  system_stm32f1xx.o(.data)
    .data                                    0x200000a0   Section        4  stdout.o(.data)
    .data                                    0x200000a4   Section        4  errno.o(.data)
    _errno                                   0x200000a4   Data           4  errno.o(.data)
    .bss                                     0x200000a8   Section      162  icm20948.o(.bss)
    sstAvgBuf                                0x200000a8   Data          54  icm20948.o(.bss)
    sstAvgBuf                                0x200000de   Data          54  icm20948.o(.bss)
    sstAvgBuf                                0x20000114   Data          54  icm20948.o(.bss)
    .bss                                     0x2000014c   Section       12  imu.o(.bss)
    .bss                                     0x20000158   Section       84  i2c.o(.bss)
    .bss                                     0x200001ac   Section       64  usart.o(.bss)
    STACK                                    0x200001f0   Section     1024  startup_stm32f103xb.o(STACK)

    Global Symbols

    Symbol Name                              Value     Ov Type        Size  Object(Section)

    BuildAttributes$$THM_ISAv4$P$D$K$B$S$PE$A:L22UL41UL21$X:L11$S22US41US21$IEEE1$IW$USESV6$~STKCKD$USESV7$~SHL$OTIME$ROPI$IEEEX$EBA8$MICROLIB$REQ8$PRES8$EABIv2 0x00000000   Number         0  anon$$obj.o ABSOLUTE
    __ARM_use_no_argv                        0x00000000   Number         0  main.o ABSOLUTE
    _printf_a                                0x00000000   Number         0  stubs.o ABSOLUTE
    _printf_c                                0x00000000   Number         0  stubs.o ABSOLUTE
    _printf_charcount                        0x00000000   Number         0  stubs.o ABSOLUTE
    _printf_d                                0x00000000   Number         0  stubs.o ABSOLUTE
    _printf_e                                0x00000000   Number         0  stubs.o ABSOLUTE
    _printf_f                                0x00000000   Number         0  stubs.o ABSOLUTE
    _printf_flags                            0x00000000   Number         0  stubs.o ABSOLUTE
    _printf_fp_dec                           0x00000000   Number         0  stubs.o ABSOLUTE
    _printf_fp_hex                           0x00000000   Number         0  stubs.o ABSOLUTE
    _printf_g                                0x00000000   Number         0  stubs.o ABSOLUTE
    _printf_i                                0x00000000   Number         0  stubs.o ABSOLUTE
    _printf_int_dec                          0x00000000   Number         0  stubs.o ABSOLUTE
    _printf_l                                0x00000000   Number         0  stubs.o ABSOLUTE
    _printf_lc                               0x00000000   Number         0  stubs.o ABSOLUTE
    _printf_ll                               0x00000000   Number         0  stubs.o ABSOLUTE
    _printf_lld                              0x00000000   Number         0  stubs.o ABSOLUTE
    _printf_lli                              0x00000000   Number         0  stubs.o ABSOLUTE
    _printf_llo                              0x00000000   Number         0  stubs.o ABSOLUTE
    _printf_llu                              0x00000000   Number         0  stubs.o ABSOLUTE
    _printf_llx                              0x00000000   Number         0  stubs.o ABSOLUTE
    _printf_longlong_dec                     0x00000000   Number         0  stubs.o ABSOLUTE
    _printf_longlong_hex                     0x00000000   Number         0  stubs.o ABSOLUTE
    _printf_longlong_oct                     0x00000000   Number         0  stubs.o ABSOLUTE
    _printf_ls                               0x00000000   Number         0  stubs.o ABSOLUTE
    _printf_mbtowc                           0x00000000   Number         0  stubs.o ABSOLUTE
    _printf_n                                0x00000000   Number         0  stubs.o ABSOLUTE
    _printf_o                                0x00000000   Number         0  stubs.o ABSOLUTE
    _printf_p                                0x00000000   Number         0  stubs.o ABSOLUTE
    _printf_percent                          0x00000000   Number         0  stubs.o ABSOLUTE
    _printf_pre_padding                      0x00000000   Number         0  stubs.o ABSOLUTE
    _printf_return_value                     0x00000000   Number         0  stubs.o ABSOLUTE
    _printf_s                                0x00000000   Number         0  stubs.o ABSOLUTE
    _printf_sizespec                         0x00000000   Number         0  stubs.o ABSOLUTE
    _printf_str                              0x00000000   Number         0  stubs.o ABSOLUTE
    _printf_truncate_signed                  0x00000000   Number         0  stubs.o ABSOLUTE
    _printf_truncate_unsigned                0x00000000   Number         0  stubs.o ABSOLUTE
    _printf_u                                0x00000000   Number         0  stubs.o ABSOLUTE
    _printf_wc                               0x00000000   Number         0  stubs.o ABSOLUTE
    _printf_wctomb                           0x00000000   Number         0  stubs.o ABSOLUTE
    _printf_widthprec                        0x00000000   Number         0  stubs.o ABSOLUTE
    _printf_x                                0x00000000   Number         0  stubs.o ABSOLUTE
    __cpp_initialize__aeabi_                  - Undefined Weak Reference
    __cxa_finalize                            - Undefined Weak Reference
    __decompress                              - Undefined Weak Reference
    _clock_init                               - Undefined Weak Reference
    _microlib_exit                            - Undefined Weak Reference
    __Vectors_Size                           0x000000ec   Number         0  startup_stm32f103xb.o ABSOLUTE
    __Vectors                                0x08000000   Data           4  startup_stm32f103xb.o(RESET)
    __Vectors_End                            0x080000ec   Data           0  startup_stm32f103xb.o(RESET)
    __main                                   0x080000ed   Thumb Code     0  entry.o(.ARM.Collect$$$$00000000)
    _main_stk                                0x080000ed   Thumb Code     0  entry2.o(.ARM.Collect$$$$00000001)
    _main_scatterload                        0x080000f1   Thumb Code     0  entry5.o(.ARM.Collect$$$$00000004)
    __main_after_scatterload                 0x080000f5   Thumb Code     0  entry5.o(.ARM.Collect$$$$00000004)
    _main_clock                              0x080000f5   Thumb Code     0  entry7b.o(.ARM.Collect$$$$00000008)
    _main_cpp_init                           0x080000f5   Thumb Code     0  entry8b.o(.ARM.Collect$$$$0000000A)
    _main_init                               0x080000f5   Thumb Code     0  entry9a.o(.ARM.Collect$$$$0000000B)
    __rt_final_cpp                           0x080000fd   Thumb Code     0  entry10a.o(.ARM.Collect$$$$0000000D)
    __rt_final_exit                          0x080000fd   Thumb Code     0  entry11a.o(.ARM.Collect$$$$0000000F)
    Reset_Handler                            0x08000101   Thumb Code     8  startup_stm32f103xb.o(.text)
    ADC1_2_IRQHandler                        0x0800011b   Thumb Code     0  startup_stm32f103xb.o(.text)
    CAN1_RX1_IRQHandler                      0x0800011b   Thumb Code     0  startup_stm32f103xb.o(.text)
    CAN1_SCE_IRQHandler                      0x0800011b   Thumb Code     0  startup_stm32f103xb.o(.text)
    DMA1_Channel1_IRQHandler                 0x0800011b   Thumb Code     0  startup_stm32f103xb.o(.text)
    DMA1_Channel2_IRQHandler                 0x0800011b   Thumb Code     0  startup_stm32f103xb.o(.text)
    DMA1_Channel3_IRQHandler                 0x0800011b   Thumb Code     0  startup_stm32f103xb.o(.text)
    DMA1_Channel4_IRQHandler                 0x0800011b   Thumb Code     0  startup_stm32f103xb.o(.text)
    DMA1_Channel5_IRQHandler                 0x0800011b   Thumb Code     0  startup_stm32f103xb.o(.text)
    DMA1_Channel6_IRQHandler                 0x0800011b   Thumb Code     0  startup_stm32f103xb.o(.text)
    DMA1_Channel7_IRQHandler                 0x0800011b   Thumb Code     0  startup_stm32f103xb.o(.text)
    EXTI0_IRQHandler                         0x0800011b   Thumb Code     0  startup_stm32f103xb.o(.text)
    EXTI15_10_IRQHandler                     0x0800011b   Thumb Code     0  startup_stm32f103xb.o(.text)
    EXTI1_IRQHandler                         0x0800011b   Thumb Code     0  startup_stm32f103xb.o(.text)
    EXTI2_IRQHandler                         0x0800011b   Thumb Code     0  startup_stm32f103xb.o(.text)
    EXTI3_IRQHandler                         0x0800011b   Thumb Code     0  startup_stm32f103xb.o(.text)
    EXTI4_IRQHandler                         0x0800011b   Thumb Code     0  startup_stm32f103xb.o(.text)
    EXTI9_5_IRQHandler                       0x0800011b   Thumb Code     0  startup_stm32f103xb.o(.text)
    FLASH_IRQHandler                         0x0800011b   Thumb Code     0  startup_stm32f103xb.o(.text)
    I2C1_ER_IRQHandler                       0x0800011b   Thumb Code     0  startup_stm32f103xb.o(.text)
    I2C1_EV_IRQHandler                       0x0800011b   Thumb Code     0  startup_stm32f103xb.o(.text)
    I2C2_ER_IRQHandler                       0x0800011b   Thumb Code     0  startup_stm32f103xb.o(.text)
    I2C2_EV_IRQHandler                       0x0800011b   Thumb Code     0  startup_stm32f103xb.o(.text)
    PVD_IRQHandler                           0x0800011b   Thumb Code     0  startup_stm32f103xb.o(.text)
    RCC_IRQHandler                           0x0800011b   Thumb Code     0  startup_stm32f103xb.o(.text)
    RTC_Alarm_IRQHandler                     0x0800011b   Thumb Code     0  startup_stm32f103xb.o(.text)
    RTC_IRQHandler                           0x0800011b   Thumb Code     0  startup_stm32f103xb.o(.text)
    SPI1_IRQHandler                          0x0800011b   Thumb Code     0  startup_stm32f103xb.o(.text)
    SPI2_IRQHandler                          0x0800011b   Thumb Code     0  startup_stm32f103xb.o(.text)
    TAMPER_IRQHandler                        0x0800011b   Thumb Code     0  startup_stm32f103xb.o(.text)
    TIM1_BRK_IRQHandler                      0x0800011b   Thumb Code     0  startup_stm32f103xb.o(.text)
    TIM1_CC_IRQHandler                       0x0800011b   Thumb Code     0  startup_stm32f103xb.o(.text)
    TIM1_TRG_COM_IRQHandler                  0x0800011b   Thumb Code     0  startup_stm32f103xb.o(.text)
    TIM1_UP_IRQHandler                       0x0800011b   Thumb Code     0  startup_stm32f103xb.o(.text)
    TIM2_IRQHandler                          0x0800011b   Thumb Code     0  startup_stm32f103xb.o(.text)
    TIM3_IRQHandler                          0x0800011b   Thumb Code     0  startup_stm32f103xb.o(.text)
    TIM4_IRQHandler                          0x0800011b   Thumb Code     0  startup_stm32f103xb.o(.text)
    USART1_IRQHandler                        0x0800011b   Thumb Code     0  startup_stm32f103xb.o(.text)
    USART2_IRQHandler                        0x0800011b   Thumb Code     0  startup_stm32f103xb.o(.text)
    USART3_IRQHandler                        0x0800011b   Thumb Code     0  startup_stm32f103xb.o(.text)
    USBWakeUp_IRQHandler                     0x0800011b   Thumb Code     0  startup_stm32f103xb.o(.text)
    USB_HP_CAN1_TX_IRQHandler                0x0800011b   Thumb Code     0  startup_stm32f103xb.o(.text)
    USB_LP_CAN1_RX0_IRQHandler               0x0800011b   Thumb Code     0  startup_stm32f103xb.o(.text)
    WWDG_IRQHandler                          0x0800011b   Thumb Code     0  startup_stm32f103xb.o(.text)
    __aeabi_llsr                             0x08000125   Thumb Code    32  llushr.o(.text)
    _ll_ushift_r                             0x08000125   Thumb Code     0  llushr.o(.text)
    __aeabi_memset                           0x08000145   Thumb Code    14  memseta.o(.text)
    __aeabi_memset4                          0x08000145   Thumb Code     0  memseta.o(.text)
    __aeabi_memset8                          0x08000145   Thumb Code     0  memseta.o(.text)
    __aeabi_memclr                           0x08000153   Thumb Code     4  memseta.o(.text)
    __aeabi_memclr4                          0x08000153   Thumb Code     0  memseta.o(.text)
    __aeabi_memclr8                          0x08000153   Thumb Code     0  memseta.o(.text)
    _memset$wrapper                          0x08000157   Thumb Code    18  memseta.o(.text)
    __aeabi_fadd                             0x08000169   Thumb Code   164  fadd.o(.text)
    __aeabi_fsub                             0x0800020d   Thumb Code     6  fadd.o(.text)
    __aeabi_frsub                            0x08000213   Thumb Code     6  fadd.o(.text)
    __aeabi_fmul                             0x08000219   Thumb Code   100  fmul.o(.text)
    __ARM_scalbnf                            0x0800027d   Thumb Code    24  fscalb.o(.text)
    scalbnf                                  0x0800027d   Thumb Code     0  fscalb.o(.text)
    __aeabi_dadd                             0x08000295   Thumb Code   322  dadd.o(.text)
    __aeabi_dsub                             0x080003d7   Thumb Code     6  dadd.o(.text)
    __aeabi_drsub                            0x080003dd   Thumb Code     6  dadd.o(.text)
    __aeabi_dmul                             0x080003e3   Thumb Code   228  dmul.o(.text)
    __aeabi_ddiv                             0x080004c7   Thumb Code   222  ddiv.o(.text)
    __aeabi_i2f                              0x080005a5   Thumb Code    18  fflti.o(.text)
    __aeabi_i2d                              0x080005b7   Thumb Code    34  dflti.o(.text)
    __aeabi_f2d                              0x080005d9   Thumb Code    38  f2d.o(.text)
    __aeabi_d2f                              0x080005ff   Thumb Code    56  d2f.o(.text)
    __aeabi_uidiv                            0x08000637   Thumb Code     0  uidiv.o(.text)
    __aeabi_uidivmod                         0x08000637   Thumb Code    44  uidiv.o(.text)
    __aeabi_uldivmod                         0x08000663   Thumb Code    98  uldiv.o(.text)
    __aeabi_llsl                             0x080006c5   Thumb Code    30  llshl.o(.text)
    _ll_shift_l                              0x080006c5   Thumb Code     0  llshl.o(.text)
    __aeabi_lasr                             0x080006e3   Thumb Code    36  llsshr.o(.text)
    _ll_sshift_r                             0x080006e3   Thumb Code     0  llsshr.o(.text)
    __I$use$fp                               0x08000707   Thumb Code     0  iusefp.o(.text)
    _float_round                             0x08000707   Thumb Code    18  fepilogue.o(.text)
    _float_epilogue                          0x08000719   Thumb Code    92  fepilogue.o(.text)
    _double_round                            0x08000775   Thumb Code    30  depilogue.o(.text)
    _double_epilogue                         0x08000793   Thumb Code   156  depilogue.o(.text)
    __ARM_scalbn                             0x0800082f   Thumb Code    46  dscalb.o(.text)
    scalbn                                   0x0800082f   Thumb Code     0  dscalb.o(.text)
    _dsqrt                                   0x0800085d   Thumb Code   162  dsqrt.o(.text)
    __aeabi_d2ulz                            0x080008ff   Thumb Code    48  dfixul.o(.text)
    __aeabi_cdrcmple                         0x08000931   Thumb Code    48  cdrcmple.o(.text)
    __scatterload                            0x08000961   Thumb Code    28  init.o(.text)
    __scatterload_rt2                        0x08000961   Thumb Code     0  init.o(.text)
    BusFault_Handler                         0x08000985   Thumb Code     2  stm32f1xx_it.o(i.BusFault_Handler)
    DEV_I2C_ReadByte                         0x08000989   Thumb Code    38  dev_config.o(i.DEV_I2C_ReadByte)
    DEV_I2C_WriteByte                        0x080009b9   Thumb Code    36  dev_config.o(i.DEV_I2C_WriteByte)
    DebugMon_Handler                         0x080009e5   Thumb Code     2  stm32f1xx_it.o(i.DebugMon_Handler)
    Error_Handler                            0x080009e7   Thumb Code     2  main.o(i.Error_Handler)
    HAL_Delay                                0x080009e9   Thumb Code    32  stm32f1xx_hal.o(i.HAL_Delay)
    HAL_GPIO_Init                            0x08000a0d   Thumb Code   408  stm32f1xx_hal_gpio.o(i.HAL_GPIO_Init)
    HAL_GetTick                              0x08000bc9   Thumb Code     6  stm32f1xx_hal.o(i.HAL_GetTick)
    HAL_I2C_Init                             0x08000bd5   Thumb Code   302  stm32f1xx_hal_i2c.o(i.HAL_I2C_Init)
    HAL_I2C_Mem_Read                         0x08000d15   Thumb Code   530  stm32f1xx_hal_i2c.o(i.HAL_I2C_Mem_Read)
    HAL_I2C_Mem_Write                        0x08000f35   Thumb Code   306  stm32f1xx_hal_i2c.o(i.HAL_I2C_Mem_Write)
    HAL_I2C_MspInit                          0x08001071   Thumb Code    96  i2c.o(i.HAL_I2C_MspInit)
    HAL_IncTick                              0x080010e1   Thumb Code    12  stm32f1xx_hal.o(i.HAL_IncTick)
    HAL_Init                                 0x080010f1   Thumb Code    32  stm32f1xx_hal.o(i.HAL_Init)
    HAL_InitTick                             0x08001115   Thumb Code    54  stm32f1xx_hal.o(i.HAL_InitTick)
    HAL_MspInit                              0x08001155   Thumb Code    52  stm32f1xx_hal_msp.o(i.HAL_MspInit)
    HAL_NVIC_SetPriority                     0x08001191   Thumb Code    60  stm32f1xx_hal_cortex.o(i.HAL_NVIC_SetPriority)
    HAL_NVIC_SetPriorityGrouping             0x080011d1   Thumb Code    26  stm32f1xx_hal_cortex.o(i.HAL_NVIC_SetPriorityGrouping)
    HAL_RCC_ClockConfig                      0x080011f5   Thumb Code   346  stm32f1xx_hal_rcc.o(i.HAL_RCC_ClockConfig)
    HAL_RCC_GetPCLK1Freq                     0x08001361   Thumb Code    20  stm32f1xx_hal_rcc.o(i.HAL_RCC_GetPCLK1Freq)
    HAL_RCC_GetPCLK2Freq                     0x08001381   Thumb Code    20  stm32f1xx_hal_rcc.o(i.HAL_RCC_GetPCLK2Freq)
    HAL_RCC_GetSysClockFreq                  0x080013a1   Thumb Code    74  stm32f1xx_hal_rcc.o(i.HAL_RCC_GetSysClockFreq)
    HAL_RCC_OscConfig                        0x0800140d   Thumb Code   750  stm32f1xx_hal_rcc.o(i.HAL_RCC_OscConfig)
    HAL_SYSTICK_Config                       0x08001711   Thumb Code    40  stm32f1xx_hal_cortex.o(i.HAL_SYSTICK_Config)
    HAL_UART_Init                            0x08001739   Thumb Code    98  stm32f1xx_hal_uart.o(i.HAL_UART_Init)
    HAL_UART_MspInit                         0x0800179d   Thumb Code    98  usart.o(i.HAL_UART_MspInit)
    HAL_UART_Transmit                        0x0800180d   Thumb Code   186  stm32f1xx_hal_uart.o(i.HAL_UART_Transmit)
    HardFault_Handler                        0x080018c7   Thumb Code     2  stm32f1xx_it.o(i.HardFault_Handler)
    IMU_AHRSupdate                           0x08001c69   Thumb Code  1478  imu.o(i.IMU_AHRSupdate)
    IMU_GetQuater                            0x08002239   Thumb Code   340  imu.o(i.IMU_GetQuater)
    IMU_GetYawPitchRoll                      0x080023a9   Thumb Code   310  imu.o(i.IMU_GetYawPitchRoll)
    IMU_Init                                 0x080024e9   Thumb Code    24  imu.o(i.IMU_Init)
    MX_GPIO_Init                             0x08002505   Thumb Code    54  gpio.o(i.MX_GPIO_Init)
    MX_I2C1_Init                             0x08002541   Thumb Code    50  i2c.o(i.MX_I2C1_Init)
    MX_USART2_UART_Init                      0x08002581   Thumb Code    48  usart.o(i.MX_USART2_UART_Init)
    MemManage_Handler                        0x080025b9   Thumb Code     2  stm32f1xx_it.o(i.MemManage_Handler)
    NMI_Handler                              0x080025bb   Thumb Code     2  stm32f1xx_it.o(i.NMI_Handler)
    PendSV_Handler                           0x080025dd   Thumb Code     2  stm32f1xx_it.o(i.PendSV_Handler)
    SVC_Handler                              0x080025df   Thumb Code     2  stm32f1xx_it.o(i.SVC_Handler)
    SysTick_Handler                          0x080025e1   Thumb Code     4  stm32f1xx_it.o(i.SysTick_Handler)
    SystemClock_Config                       0x080025e5   Thumb Code    78  main.o(i.SystemClock_Config)
    SystemInit                               0x08002635   Thumb Code    56  system_stm32f1xx.o(i.SystemInit)
    UsageFault_Handler                       0x08002851   Thumb Code     2  stm32f1xx_it.o(i.UsageFault_Handler)
    __0printf                                0x08002855   Thumb Code    22  printfa.o(i.__0printf)
    __1printf                                0x08002855   Thumb Code     0  printfa.o(i.__0printf)
    __2printf                                0x08002855   Thumb Code     0  printfa.o(i.__0printf)
    __c89printf                              0x08002855   Thumb Code     0  printfa.o(i.__0printf)
    printf                                   0x08002855   Thumb Code     0  printfa.o(i.__0printf)
    __ARM_fpclassify                         0x08002875   Thumb Code    40  fpclassify.o(i.__ARM_fpclassify)
    __kernel_poly                            0x0800289d   Thumb Code   170  poly.o(i.__kernel_poly)
    __mathlib_dbl_infnan                     0x08002947   Thumb Code     6  dunder.o(i.__mathlib_dbl_infnan)
    __mathlib_dbl_infnan2                    0x0800294d   Thumb Code     4  dunder.o(i.__mathlib_dbl_infnan2)
    __mathlib_dbl_invalid                    0x08002951   Thumb Code    12  dunder.o(i.__mathlib_dbl_invalid)
    __mathlib_dbl_underflow                  0x0800295d   Thumb Code    10  dunder.o(i.__mathlib_dbl_underflow)
    __scatterload_copy                       0x0800296d   Thumb Code    14  handlers.o(i.__scatterload_copy)
    __scatterload_null                       0x0800297b   Thumb Code     2  handlers.o(i.__scatterload_null)
    __scatterload_zeroinit                   0x0800297d   Thumb Code    14  handlers.o(i.__scatterload_zeroinit)
    __set_errno                              0x0800298d   Thumb Code     6  errno.o(i.__set_errno)
    asin                                     0x0800324d   Thumb Code   572  asin.o(i.asin)
    atan                                     0x080034bd   Thumb Code   474  atan.o(i.atan)
    atan2                                    0x080036dd   Thumb Code   346  atan2.o(i.atan2)
    fputc                                    0x0800385d   Thumb Code    20  dev_config.o(i.fputc)
    invMSAccelRead                           0x08003875   Thumb Code    44  invmotionsensor.o(i.invMSAccelRead)
    invMSGyroRead                            0x080038a5   Thumb Code    44  invmotionsensor.o(i.invMSGyroRead)
    invMSInit                                0x080038d5   Thumb Code    94  invmotionsensor.o(i.invMSInit)
    invMSMagRead                             0x08003991   Thumb Code    44  invmotionsensor.o(i.invMSMagRead)
    invSqrt                                  0x080039c1   Thumb Code    48  imu.o(i.invSqrt)
    invmsICM20948AccelRead                   0x080039f5   Thumb Code   158  icm20948.o(i.invmsICM20948AccelRead)
    invmsICM20948Check                       0x08003ac9   Thumb Code    20  icm20948.o(i.invmsICM20948Check)
    invmsICM20948GyroRead                    0x08003add   Thumb Code   182  icm20948.o(i.invmsICM20948GyroRead)
    invmsICM20948Init                        0x08003b9d   Thumb Code   192  icm20948.o(i.invmsICM20948Init)
    invmsICM20948MagRead                     0x08003c61   Thumb Code   174  icm20948.o(i.invmsICM20948MagRead)
    main                                     0x08003e39   Thumb Code   162  main.o(i.main)
    sqrt                                     0x08003fc1   Thumb Code    76  sqrt.o(i.sqrt)
    AHBPrescTable                            0x0800400c   Data          16  system_stm32f1xx.o(.constdata)
    APBPrescTable                            0x0800401c   Data           8  system_stm32f1xx.o(.constdata)
    __mathlib_zero                           0x08004110   Data           8  qnan.o(.constdata)
    Region$$Table$$Base                      0x0800417c   Number         0  anon$$obj.o(Region$$Table)
    Region$$Table$$Limit                     0x0800419c   Number         0  anon$$obj.o(Region$$Table)
    IIC_Addr_t                               0x20000000   Data           2  dev_config.o(.data)
    gstGyroOffset                            0x20000004   Data           6  icm20948.o(.data)
    q0                                       0x2000000c   Data           4  imu.o(.data)
    q1                                       0x20000010   Data           4  imu.o(.data)
    q2                                       0x20000014   Data           4  imu.o(.data)
    q3                                       0x20000018   Data           4  imu.o(.data)
    gstMagOffset                             0x2000001c   Data           6  imu.o(.data)
    genCurrentSensorType                     0x20000024   Data           1  invmotionsensor.o(.data)
    gstring                                  0x20000070   Data          12  invmotionsensor.o(.data)
    magn                                     0x2000007c   Data           6  main.o(.data)
    accel                                    0x20000082   Data           6  main.o(.data)
    gyro                                     0x20000088   Data           6  main.o(.data)
    uwTickFreq                               0x20000090   Data           1  stm32f1xx_hal.o(.data)
    uwTickPrio                               0x20000094   Data           4  stm32f1xx_hal.o(.data)
    uwTick                                   0x20000098   Data           4  stm32f1xx_hal.o(.data)
    SystemCoreClock                          0x2000009c   Data           4  system_stm32f1xx.o(.data)
    __stdout                                 0x200000a0   Data           4  stdout.o(.data)
    angles                                   0x2000014c   Data          12  imu.o(.bss)
    hi2c1                                    0x20000158   Data          84  i2c.o(.bss)
    huart2                                   0x200001ac   Data          64  usart.o(.bss)
    __initial_sp                             0x200005f0   Data           0  startup_stm32f103xb.o(STACK)



==============================================================================

Memory Map of the image

  Image Entry point : 0x080000ed

  Load Region LR_IROM1 (Base: 0x08000000, Size: 0x00004244, Max: 0x00020000, ABSOLUTE)

    Execution Region ER_IROM1 (Exec base: 0x08000000, Load base: 0x08000000, Size: 0x0000419c, Max: 0x00020000, ABSOLUTE)

    Exec Addr    Load Addr    Size         Type   Attr      Idx    E Section Name        Object

    0x08000000   0x08000000   0x000000ec   Data   RO            3    RESET               startup_stm32f103xb.o
    0x080000ec   0x080000ec   0x00000000   Code   RO         2358  * .ARM.Collect$$$$00000000  mc_w.l(entry.o)
    0x080000ec   0x080000ec   0x00000004   Code   RO         2675    .ARM.Collect$$$$00000001  mc_w.l(entry2.o)
    0x080000f0   0x080000f0   0x00000004   Code   RO         2678    .ARM.Collect$$$$00000004  mc_w.l(entry5.o)
    0x080000f4   0x080000f4   0x00000000   Code   RO         2680    .ARM.Collect$$$$00000008  mc_w.l(entry7b.o)
    0x080000f4   0x080000f4   0x00000000   Code   RO         2682    .ARM.Collect$$$$0000000A  mc_w.l(entry8b.o)
    0x080000f4   0x080000f4   0x00000008   Code   RO         2683    .ARM.Collect$$$$0000000B  mc_w.l(entry9a.o)
    0x080000fc   0x080000fc   0x00000000   Code   RO         2685    .ARM.Collect$$$$0000000D  mc_w.l(entry10a.o)
    0x080000fc   0x080000fc   0x00000000   Code   RO         2687    .ARM.Collect$$$$0000000F  mc_w.l(entry11a.o)
    0x080000fc   0x080000fc   0x00000004   Code   RO         2676    .ARM.Collect$$$$00002712  mc_w.l(entry2.o)
    0x08000100   0x08000100   0x00000024   Code   RO            4    .text               startup_stm32f103xb.o
    0x08000124   0x08000124   0x00000020   Code   RO         2361    .text               mc_w.l(llushr.o)
    0x08000144   0x08000144   0x00000024   Code   RO         2363    .text               mc_w.l(memseta.o)
    0x08000168   0x08000168   0x000000b0   Code   RO         2626    .text               mf_w.l(fadd.o)
    0x08000218   0x08000218   0x00000064   Code   RO         2628    .text               mf_w.l(fmul.o)
    0x0800027c   0x0800027c   0x00000018   Code   RO         2630    .text               mf_w.l(fscalb.o)
    0x08000294   0x08000294   0x0000014e   Code   RO         2632    .text               mf_w.l(dadd.o)
    0x080003e2   0x080003e2   0x000000e4   Code   RO         2634    .text               mf_w.l(dmul.o)
    0x080004c6   0x080004c6   0x000000de   Code   RO         2636    .text               mf_w.l(ddiv.o)
    0x080005a4   0x080005a4   0x00000012   Code   RO         2638    .text               mf_w.l(fflti.o)
    0x080005b6   0x080005b6   0x00000022   Code   RO         2640    .text               mf_w.l(dflti.o)
    0x080005d8   0x080005d8   0x00000026   Code   RO         2642    .text               mf_w.l(f2d.o)
    0x080005fe   0x080005fe   0x00000038   Code   RO         2644    .text               mf_w.l(d2f.o)
    0x08000636   0x08000636   0x0000002c   Code   RO         2690    .text               mc_w.l(uidiv.o)
    0x08000662   0x08000662   0x00000062   Code   RO         2692    .text               mc_w.l(uldiv.o)
    0x080006c4   0x080006c4   0x0000001e   Code   RO         2694    .text               mc_w.l(llshl.o)
    0x080006e2   0x080006e2   0x00000024   Code   RO         2696    .text               mc_w.l(llsshr.o)
    0x08000706   0x08000706   0x00000000   Code   RO         2705    .text               mc_w.l(iusefp.o)
    0x08000706   0x08000706   0x0000006e   Code   RO         2706    .text               mf_w.l(fepilogue.o)
    0x08000774   0x08000774   0x000000ba   Code   RO         2708    .text               mf_w.l(depilogue.o)
    0x0800082e   0x0800082e   0x0000002e   Code   RO         2710    .text               mf_w.l(dscalb.o)
    0x0800085c   0x0800085c   0x000000a2   Code   RO         2712    .text               mf_w.l(dsqrt.o)
    0x080008fe   0x080008fe   0x00000030   Code   RO         2714    .text               mf_w.l(dfixul.o)
    0x0800092e   0x0800092e   0x00000002   PAD
    0x08000930   0x08000930   0x00000030   Code   RO         2718    .text               mf_w.l(cdrcmple.o)
    0x08000960   0x08000960   0x00000024   Code   RO         2720    .text               mc_w.l(init.o)
    0x08000984   0x08000984   0x00000002   Code   RO          511    i.BusFault_Handler  stm32f1xx_it.o
    0x08000986   0x08000986   0x00000002   PAD
    0x08000988   0x08000988   0x00000030   Code   RO           13    i.DEV_I2C_ReadByte  dev_config.o
    0x080009b8   0x080009b8   0x0000002c   Code   RO           15    i.DEV_I2C_WriteByte  dev_config.o
    0x080009e4   0x080009e4   0x00000002   Code   RO          512    i.DebugMon_Handler  stm32f1xx_it.o
    0x080009e6   0x080009e6   0x00000002   Code   RO          356    i.Error_Handler     main.o
    0x080009e8   0x080009e8   0x00000024   Code   RO         1413    i.HAL_Delay         stm32f1xx_hal.o
    0x08000a0c   0x08000a0c   0x000001bc   Code   RO         1709    i.HAL_GPIO_Init     stm32f1xx_hal_gpio.o
    0x08000bc8   0x08000bc8   0x0000000c   Code   RO         1417    i.HAL_GetTick       stm32f1xx_hal.o
    0x08000bd4   0x08000bd4   0x00000140   Code   RO          657    i.HAL_I2C_Init      stm32f1xx_hal_i2c.o
    0x08000d14   0x08000d14   0x00000220   Code   RO          673    i.HAL_I2C_Mem_Read  stm32f1xx_hal_i2c.o
    0x08000f34   0x08000f34   0x0000013c   Code   RO          676    i.HAL_I2C_Mem_Write  stm32f1xx_hal_i2c.o
    0x08001070   0x08001070   0x00000070   Code   RO          428    i.HAL_I2C_MspInit   i2c.o
    0x080010e0   0x080010e0   0x00000010   Code   RO         1421    i.HAL_IncTick       stm32f1xx_hal.o
    0x080010f0   0x080010f0   0x00000024   Code   RO         1422    i.HAL_Init          stm32f1xx_hal.o
    0x08001114   0x08001114   0x00000040   Code   RO         1423    i.HAL_InitTick      stm32f1xx_hal.o
    0x08001154   0x08001154   0x0000003c   Code   RO          586    i.HAL_MspInit       stm32f1xx_hal_msp.o
    0x08001190   0x08001190   0x00000040   Code   RO         1875    i.HAL_NVIC_SetPriority  stm32f1xx_hal_cortex.o
    0x080011d0   0x080011d0   0x00000024   Code   RO         1876    i.HAL_NVIC_SetPriorityGrouping  stm32f1xx_hal_cortex.o
    0x080011f4   0x080011f4   0x0000016c   Code   RO         1569    i.HAL_RCC_ClockConfig  stm32f1xx_hal_rcc.o
    0x08001360   0x08001360   0x00000020   Code   RO         1576    i.HAL_RCC_GetPCLK1Freq  stm32f1xx_hal_rcc.o
    0x08001380   0x08001380   0x00000020   Code   RO         1577    i.HAL_RCC_GetPCLK2Freq  stm32f1xx_hal_rcc.o
    0x080013a0   0x080013a0   0x0000006c   Code   RO         1578    i.HAL_RCC_GetSysClockFreq  stm32f1xx_hal_rcc.o
    0x0800140c   0x0800140c   0x00000304   Code   RO         1581    i.HAL_RCC_OscConfig  stm32f1xx_hal_rcc.o
    0x08001710   0x08001710   0x00000028   Code   RO         1880    i.HAL_SYSTICK_Config  stm32f1xx_hal_cortex.o
    0x08001738   0x08001738   0x00000062   Code   RO         1105    i.HAL_UART_Init     stm32f1xx_hal_uart.o
    0x0800179a   0x0800179a   0x00000002   PAD
    0x0800179c   0x0800179c   0x00000070   Code   RO          470    i.HAL_UART_MspInit  usart.o
    0x0800180c   0x0800180c   0x000000ba   Code   RO         1113    i.HAL_UART_Transmit  stm32f1xx_hal_uart.o
    0x080018c6   0x080018c6   0x00000002   Code   RO          513    i.HardFault_Handler  stm32f1xx_it.o
    0x080018c8   0x080018c8   0x00000028   Code   RO          695    i.I2C_IsAcknowledgeFailed  stm32f1xx_hal_i2c.o
    0x080018f0   0x080018f0   0x000000f0   Code   RO          704    i.I2C_RequestMemoryRead  stm32f1xx_hal_i2c.o
    0x080019e0   0x080019e0   0x000000a0   Code   RO          705    i.I2C_RequestMemoryWrite  stm32f1xx_hal_i2c.o
    0x08001a80   0x08001a80   0x0000004e   Code   RO          708    i.I2C_WaitOnBTFFlagUntilTimeout  stm32f1xx_hal_i2c.o
    0x08001ace   0x08001ace   0x00000060   Code   RO          709    i.I2C_WaitOnFlagUntilTimeout  stm32f1xx_hal_i2c.o
    0x08001b2e   0x08001b2e   0x00000002   PAD
    0x08001b30   0x08001b30   0x00000088   Code   RO          710    i.I2C_WaitOnMasterAddressFlagUntilTimeout  stm32f1xx_hal_i2c.o
    0x08001bb8   0x08001bb8   0x00000062   Code   RO          711    i.I2C_WaitOnRXNEFlagUntilTimeout  stm32f1xx_hal_i2c.o
    0x08001c1a   0x08001c1a   0x0000004e   Code   RO          712    i.I2C_WaitOnTXEFlagUntilTimeout  stm32f1xx_hal_i2c.o
    0x08001c68   0x08001c68   0x000005d0   Code   RO          250    i.IMU_AHRSupdate    imu.o
    0x08002238   0x08002238   0x00000170   Code   RO          251    i.IMU_GetQuater     imu.o
    0x080023a8   0x080023a8   0x00000140   Code   RO          252    i.IMU_GetYawPitchRoll  imu.o
    0x080024e8   0x080024e8   0x0000001c   Code   RO          253    i.IMU_Init          imu.o
    0x08002504   0x08002504   0x0000003c   Code   RO          403    i.MX_GPIO_Init      gpio.o
    0x08002540   0x08002540   0x00000040   Code   RO          429    i.MX_I2C1_Init      i2c.o
    0x08002580   0x08002580   0x00000038   Code   RO          471    i.MX_USART2_UART_Init  usart.o
    0x080025b8   0x080025b8   0x00000002   Code   RO          514    i.MemManage_Handler  stm32f1xx_it.o
    0x080025ba   0x080025ba   0x00000002   Code   RO          515    i.NMI_Handler       stm32f1xx_it.o
    0x080025bc   0x080025bc   0x00000020   Code   RO         1882    i.NVIC_SetPriority  stm32f1xx_hal_cortex.o
    0x080025dc   0x080025dc   0x00000002   Code   RO          516    i.PendSV_Handler    stm32f1xx_it.o
    0x080025de   0x080025de   0x00000002   Code   RO          517    i.SVC_Handler       stm32f1xx_it.o
    0x080025e0   0x080025e0   0x00000004   Code   RO          518    i.SysTick_Handler   stm32f1xx_it.o
    0x080025e4   0x080025e4   0x0000004e   Code   RO          357    i.SystemClock_Config  main.o
    0x08002632   0x08002632   0x00000002   PAD
    0x08002634   0x08002634   0x00000048   Code   RO         2298    i.SystemInit        system_stm32f1xx.o
    0x0800267c   0x0800267c   0x00000170   Code   RO         1131    i.UART_SetConfig    stm32f1xx_hal_uart.o
    0x080027ec   0x080027ec   0x00000064   Code   RO         1133    i.UART_WaitOnFlagUntilTimeout  stm32f1xx_hal_uart.o
    0x08002850   0x08002850   0x00000002   Code   RO          519    i.UsageFault_Handler  stm32f1xx_it.o
    0x08002852   0x08002852   0x00000002   PAD
    0x08002854   0x08002854   0x00000020   Code   RO         2598    i.__0printf         mc_w.l(printfa.o)
    0x08002874   0x08002874   0x00000028   Code   RO         2670    i.__ARM_fpclassify  m_ws.l(fpclassify.o)
    0x0800289c   0x0800289c   0x000000aa   Code   RO         2672    i.__kernel_poly     m_ws.l(poly.o)
    0x08002946   0x08002946   0x00000006   Code   RO         2657    i.__mathlib_dbl_infnan  m_ws.l(dunder.o)
    0x0800294c   0x0800294c   0x00000004   Code   RO         2658    i.__mathlib_dbl_infnan2  m_ws.l(dunder.o)
    0x08002950   0x08002950   0x0000000c   Code   RO         2659    i.__mathlib_dbl_invalid  m_ws.l(dunder.o)
    0x0800295c   0x0800295c   0x00000010   Code   RO         2662    i.__mathlib_dbl_underflow  m_ws.l(dunder.o)
    0x0800296c   0x0800296c   0x0000000e   Code   RO         2724    i.__scatterload_copy  mc_w.l(handlers.o)
    0x0800297a   0x0800297a   0x00000002   Code   RO         2725    i.__scatterload_null  mc_w.l(handlers.o)
    0x0800297c   0x0800297c   0x0000000e   Code   RO         2726    i.__scatterload_zeroinit  mc_w.l(handlers.o)
    0x0800298a   0x0800298a   0x00000002   PAD
    0x0800298c   0x0800298c   0x0000000c   Code   RO         2700    i.__set_errno       mc_w.l(errno.o)
    0x08002998   0x08002998   0x00000184   Code   RO         2605    i._fp_digits        mc_w.l(printfa.o)
    0x08002b1c   0x08002b1c   0x000006dc   Code   RO         2606    i._printf_core      mc_w.l(printfa.o)
    0x080031f8   0x080031f8   0x00000024   Code   RO         2607    i._printf_post_padding  mc_w.l(printfa.o)
    0x0800321c   0x0800321c   0x0000002e   Code   RO         2608    i._printf_pre_padding  mc_w.l(printfa.o)
    0x0800324a   0x0800324a   0x00000002   PAD
    0x0800324c   0x0800324c   0x00000270   Code   RO         2333    i.asin              m_ws.l(asin.o)
    0x080034bc   0x080034bc   0x00000220   Code   RO         2647    i.atan              m_ws.l(atan.o)
    0x080036dc   0x080036dc   0x00000180   Code   RO         2343    i.atan2             m_ws.l(atan2.o)
    0x0800385c   0x0800385c   0x00000018   Code   RO           18    i.fputc             dev_config.o
    0x08003874   0x08003874   0x00000030   Code   RO          310    i.invMSAccelRead    invmotionsensor.o
    0x080038a4   0x080038a4   0x00000030   Code   RO          311    i.invMSGyroRead     invmotionsensor.o
    0x080038d4   0x080038d4   0x000000bc   Code   RO          312    i.invMSInit         invmotionsensor.o
    0x08003990   0x08003990   0x00000030   Code   RO          313    i.invMSMagRead      invmotionsensor.o
    0x080039c0   0x080039c0   0x00000034   Code   RO          254    i.invSqrt           imu.o
    0x080039f4   0x080039f4   0x000000a4   Code   RO          168    i.invmsICM20948AccelRead  icm20948.o
    0x08003a98   0x08003a98   0x00000030   Code   RO          169    i.invmsICM20948CalAvgValue  icm20948.o
    0x08003ac8   0x08003ac8   0x00000014   Code   RO          170    i.invmsICM20948Check  icm20948.o
    0x08003adc   0x08003adc   0x000000c0   Code   RO          171    i.invmsICM20948GyroRead  icm20948.o
    0x08003b9c   0x08003b9c   0x000000c4   Code   RO          172    i.invmsICM20948Init  icm20948.o
    0x08003c60   0x08003c60   0x000000c8   Code   RO          173    i.invmsICM20948MagRead  icm20948.o
    0x08003d28   0x08003d28   0x00000092   Code   RO          174    i.invmsICM20948ReadSecondary  icm20948.o
    0x08003dba   0x08003dba   0x0000007c   Code   RO          175    i.invmsICM20948WriteSecondary  icm20948.o
    0x08003e36   0x08003e36   0x00000002   PAD
    0x08003e38   0x08003e38   0x00000188   Code   RO          358    i.main              main.o
    0x08003fc0   0x08003fc0   0x0000004c   Code   RO         2351    i.sqrt              m_ws.l(sqrt.o)
    0x0800400c   0x0800400c   0x00000010   Data   RO         2299    .constdata          system_stm32f1xx.o
    0x0800401c   0x0800401c   0x00000008   Data   RO         2300    .constdata          system_stm32f1xx.o
    0x08004024   0x08004024   0x00000004   PAD
    0x08004028   0x08004028   0x00000050   Data   RO         2334    .constdata          m_ws.l(asin.o)
    0x08004078   0x08004078   0x00000098   Data   RO         2648    .constdata          m_ws.l(atan.o)
    0x08004110   0x08004110   0x00000008   Data   RO         2674    .constdata          m_ws.l(qnan.o)
    0x08004118   0x08004118   0x0000001b   Data   RO          314    .conststring        invmotionsensor.o
    0x08004133   0x08004133   0x00000001   PAD
    0x08004134   0x08004134   0x00000046   Data   RO          359    .conststring        main.o
    0x0800417a   0x0800417a   0x00000002   PAD
    0x0800417c   0x0800417c   0x00000020   Data   RO         2722    Region$$Table       anon$$obj.o


    Execution Region RW_IRAM1 (Exec base: 0x20000000, Load base: 0x0800419c, Size: 0x000005f0, Max: 0x00005000, ABSOLUTE)

    Exec Addr    Load Addr    Size         Type   Attr      Idx    E Section Name        Object

    0x20000000   0x0800419c   0x00000002   Data   RW           19    .data               dev_config.o
    0x20000002   0x0800419e   0x00000008   Data   RW          177    .data               icm20948.o
    0x2000000a   0x080041a6   0x00000002   PAD
    0x2000000c   0x080041a8   0x00000016   Data   RW          256    .data               imu.o
    0x20000022   0x080041be   0x00000002   PAD
    0x20000024   0x080041c0   0x00000058   Data   RW          315    .data               invmotionsensor.o
    0x2000007c   0x08004218   0x00000012   Data   RW          363    .data               main.o
    0x2000008e   0x0800422a   0x00000002   PAD
    0x20000090   0x0800422c   0x0000000c   Data   RW         1429    .data               stm32f1xx_hal.o
    0x2000009c   0x08004238   0x00000004   Data   RW         2301    .data               system_stm32f1xx.o
    0x200000a0   0x0800423c   0x00000004   Data   RW         2689    .data               mc_w.l(stdout.o)
    0x200000a4   0x08004240   0x00000004   Data   RW         2701    .data               mc_w.l(errno.o)
    0x200000a8        -       0x000000a2   Zero   RW          176    .bss                icm20948.o
    0x2000014a   0x08004244   0x00000002   PAD
    0x2000014c        -       0x0000000c   Zero   RW          255    .bss                imu.o
    0x20000158        -       0x00000054   Zero   RW          430    .bss                i2c.o
    0x200001ac        -       0x00000040   Zero   RW          472    .bss                usart.o
    0x200001ec   0x08004244   0x00000004   PAD
    0x200001f0        -       0x00000400   Zero   RW            1    STACK               startup_stm32f103xb.o


==============================================================================

Image component sizes


      Code (inc. data)   RO Data    RW Data    ZI Data      Debug   Object Name

       116         22          0          2          0     413432   dev_config.o
        60          6          0          0          0        743   gpio.o
       176         30          0          0         84       1521   i2c.o
      1090         46          0          8        162       9669   icm20948.o
      2256         68          0         22         12       5603   imu.o
       332        106         27         88          0       3343   invmotionsensor.o
       472        230         70         18          0       2190   main.o
        36          8        236          0       1024        776   startup_stm32f103xb.o
       164         28          0         12          0       5697   stm32f1xx_hal.o
       172         14          0          0          0      24990   stm32f1xx_hal_cortex.o
       444         36          0          0          0       2204   stm32f1xx_hal_gpio.o
      2106         46          0          0          0      12314   stm32f1xx_hal_i2c.o
        60          8          0          0          0        794   stm32f1xx_hal_msp.o
      1308         98          0          0          0       5076   stm32f1xx_hal_rcc.o
       752          4          0          0          0       3788   stm32f1xx_hal_uart.o
        20          0          0          0          0       3566   stm32f1xx_it.o
        72         16         24          4          0       1079   system_stm32f1xx.o
       168         22          0          0         64       1538   usart.o

    ----------------------------------------------------------------------
      9816        788        396        160       1352     498323   Object Totals
         0          0         32          0          0          0   (incl. Generated)
        12          0          7          6          6          0   (incl. Padding)

    ----------------------------------------------------------------------

      Code (inc. data)   RO Data    RW Data    ZI Data      Debug   Library Member Name

       624         52         80          0          0        168   asin.o
       544         70        152          0          0        124   atan.o
       384         38          0          0          0        144   atan2.o
        38          6          0          0          0        272   dunder.o
        40          0          0          0          0         68   fpclassify.o
       170          0          0          0          0         96   poly.o
         0          0          8          0          0          0   qnan.o
        76          0          0          0          0         84   sqrt.o
         0          0          0          0          0          0   entry.o
         0          0          0          0          0          0   entry10a.o
         0          0          0          0          0          0   entry11a.o
         8          4          0          0          0          0   entry2.o
         4          0          0          0          0          0   entry5.o
         0          0          0          0          0          0   entry7b.o
         0          0          0          0          0          0   entry8b.o
         8          4          0          0          0          0   entry9a.o
        12          6          0          4          0         68   errno.o
        30          0          0          0          0          0   handlers.o
        36          8          0          0          0         68   init.o
         0          0          0          0          0          0   iusefp.o
        30          0          0          0          0         68   llshl.o
        36          0          0          0          0         68   llsshr.o
        32          0          0          0          0         68   llushr.o
        36          0          0          0          0        108   memseta.o
      2258         90          0          0          0        452   printfa.o
         0          0          0          4          0          0   stdout.o
        44          0          0          0          0         80   uidiv.o
        98          0          0          0          0         92   uldiv.o
        48          0          0          0          0         68   cdrcmple.o
        56          0          0          0          0         88   d2f.o
       334          0          0          0          0        148   dadd.o
       222          0          0          0          0        100   ddiv.o
       186          0          0          0          0        176   depilogue.o
        48          0          0          0          0         68   dfixul.o
        34          0          0          0          0         76   dflti.o
       228          0          0          0          0         96   dmul.o
        46          0          0          0          0         80   dscalb.o
       162          0          0          0          0        100   dsqrt.o
        38          0          0          0          0         68   f2d.o
       176          0          0          0          0        140   fadd.o
       110          0          0          0          0        168   fepilogue.o
        18          0          0          0          0         68   fflti.o
       100          0          0          0          0         76   fmul.o
        24          0          0          0          0         68   fscalb.o

    ----------------------------------------------------------------------
      6344        278        240          8          0       3616   Library Totals
         6          0          0          0          0          0   (incl. Padding)

    ----------------------------------------------------------------------

      Code (inc. data)   RO Data    RW Data    ZI Data      Debug   Library Name

      1876        166        240          0          0        956   m_ws.l
      2632        112          0          8          0       1072   mc_w.l
      1830          0          0          0          0       1588   mf_w.l

    ----------------------------------------------------------------------
      6344        278        240          8          0       3616   Library Totals

    ----------------------------------------------------------------------

==============================================================================


      Code (inc. data)   RO Data    RW Data    ZI Data      Debug   

     16160       1066        636        168       1352     496735   Grand Totals
     16160       1066        636        168       1352     496735   ELF Image Totals
     16160       1066        636        168          0          0   ROM Totals

==============================================================================

    Total RO  Size (Code + RO Data)                16796 (  16.40kB)
    Total RW  Size (RW Data + ZI Data)              1520 (   1.48kB)
    Total ROM Size (Code + RO Data + RW Data)      16964 (  16.57kB)

==============================================================================

